../Core/Src/main.c:91:6:HAL_TIM_PeriodElapsedCallback	16	static
../Core/Src/main.c:111:5:main	16	static
../Core/Src/main.c:199:6:SystemClock_Config	88	static
../Core/Src/main.c:246:13:MX_I2C1_Init	8	static
../Core/Src/main.c:280:13:MX_I2C2_Init	8	static
../Core/Src/main.c:314:13:MX_I2C3_Init	8	static
../Core/Src/main.c:348:13:MX_TIM3_Init	32	static
../Core/Src/main.c:393:13:MX_USART1_UART_Init	8	static
../Core/Src/main.c:426:13:MX_GPIO_Init	48	static
../Core/Src/main.c:477:6:display_lcd	8	static
../Core/Src/main.c:507:6:update_parameter_to_display	16	static
../Core/Src/main.c:511:6:send_uart	8	static
../Core/Src/main.c:515:6:read_time	8	static
../Core/Src/main.c:519:6:read_temp_and_hum	8	static
../Core/Src/main.c:523:6:function_handle	16	static
../Core/Src/main.c:539:6:Error_Handler	4	static,ignoring_inline_asm
