../Core/Src/main.c:92:6:HAL_TIM_PeriodElapsedCallback	16	static
../Core/Src/main.c:112:5:main	16	static
../Core/Src/main.c:200:6:SystemClock_Config	88	static
../Core/Src/main.c:247:13:MX_I2C1_Init	8	static
../Core/Src/main.c:281:13:MX_I2C2_Init	8	static
../Core/Src/main.c:315:13:MX_I2C3_Init	8	static
../Core/Src/main.c:349:13:MX_TIM3_Init	32	static
../Core/Src/main.c:394:13:MX_USART1_UART_Init	8	static
../Core/Src/main.c:427:13:MX_GPIO_Init	48	static
../Core/Src/main.c:478:6:update_time	4	static
../Core/Src/main.c:494:6:display_lcd	8	static
../Core/Src/main.c:511:6:update_parameter_to_display	16	static
../Core/Src/main.c:515:6:send_uart	32	static
../Core/Src/main.c:520:6:read_time	8	static
../Core/Src/main.c:524:6:read_temp_and_hum	8	static
../Core/Src/main.c:528:6:function_handle	16	static
../Core/Src/main.c:544:6:Error_Handler	4	static,ignoring_inline_asm
