Archive member included to satisfy reference by file (symbol)

C:/my app/STM32CubeIDE_1.16.0/STM32CubeIDE/plugins/com.st.stm32cube.ide.mcu.externaltools.gnu-tools-for-stm32.12.3.rel1.win32_1.0.200.202406191623/tools/bin/../lib/gcc/arm-none-eabi/12.3.1/../../../../arm-none-eabi/lib/thumb/v7e-m+fp/hard\libc_nano.a(libc_a-exit.o)
                              C:/my app/STM32CubeIDE_1.16.0/STM32CubeIDE/plugins/com.st.stm32cube.ide.mcu.externaltools.gnu-tools-for-stm32.12.3.rel1.win32_1.0.200.202406191623/tools/bin/../lib/gcc/arm-none-eabi/12.3.1/../../../../arm-none-eabi/lib/thumb/v7e-m+fp/hard/crt0.o (exit)
C:/my app/STM32CubeIDE_1.16.0/STM32CubeIDE/plugins/com.st.stm32cube.ide.mcu.externaltools.gnu-tools-for-stm32.12.3.rel1.win32_1.0.200.202406191623/tools/bin/../lib/gcc/arm-none-eabi/12.3.1/../../../../arm-none-eabi/lib/thumb/v7e-m+fp/hard\libc_nano.a(libc_a-nano-vfprintf_float.o)
                              (_printf_float)
C:/my app/STM32CubeIDE_1.16.0/STM32CubeIDE/plugins/com.st.stm32cube.ide.mcu.externaltools.gnu-tools-for-stm32.12.3.rel1.win32_1.0.200.202406191623/tools/bin/../lib/gcc/arm-none-eabi/12.3.1/../../../../arm-none-eabi/lib/thumb/v7e-m+fp/hard\libc_nano.a(libc_a-nano-vfprintf_i.o)
                              C:/my app/STM32CubeIDE_1.16.0/STM32CubeIDE/plugins/com.st.stm32cube.ide.mcu.externaltools.gnu-tools-for-stm32.12.3.rel1.win32_1.0.200.202406191623/tools/bin/../lib/gcc/arm-none-eabi/12.3.1/../../../../arm-none-eabi/lib/thumb/v7e-m+fp/hard\libc_nano.a(libc_a-nano-vfprintf_float.o) (_printf_common)
C:/my app/STM32CubeIDE_1.16.0/STM32CubeIDE/plugins/com.st.stm32cube.ide.mcu.externaltools.gnu-tools-for-stm32.12.3.rel1.win32_1.0.200.202406191623/tools/bin/../lib/gcc/arm-none-eabi/12.3.1/../../../../arm-none-eabi/lib/thumb/v7e-m+fp/hard\libc_nano.a(libc_a-findfp.o)
                              C:/my app/STM32CubeIDE_1.16.0/STM32CubeIDE/plugins/com.st.stm32cube.ide.mcu.externaltools.gnu-tools-for-stm32.12.3.rel1.win32_1.0.200.202406191623/tools/bin/../lib/gcc/arm-none-eabi/12.3.1/../../../../arm-none-eabi/lib/thumb/v7e-m+fp/hard\libc_nano.a(libc_a-exit.o) (__stdio_exit_handler)
C:/my app/STM32CubeIDE_1.16.0/STM32CubeIDE/plugins/com.st.stm32cube.ide.mcu.externaltools.gnu-tools-for-stm32.12.3.rel1.win32_1.0.200.202406191623/tools/bin/../lib/gcc/arm-none-eabi/12.3.1/../../../../arm-none-eabi/lib/thumb/v7e-m+fp/hard\libc_nano.a(libc_a-fwalk.o)
                              C:/my app/STM32CubeIDE_1.16.0/STM32CubeIDE/plugins/com.st.stm32cube.ide.mcu.externaltools.gnu-tools-for-stm32.12.3.rel1.win32_1.0.200.202406191623/tools/bin/../lib/gcc/arm-none-eabi/12.3.1/../../../../arm-none-eabi/lib/thumb/v7e-m+fp/hard\libc_nano.a(libc_a-findfp.o) (_fwalk_sglue)
C:/my app/STM32CubeIDE_1.16.0/STM32CubeIDE/plugins/com.st.stm32cube.ide.mcu.externaltools.gnu-tools-for-stm32.12.3.rel1.win32_1.0.200.202406191623/tools/bin/../lib/gcc/arm-none-eabi/12.3.1/../../../../arm-none-eabi/lib/thumb/v7e-m+fp/hard\libc_nano.a(libc_a-puts.o)
                              ./Core/Src/main.o (puts)
C:/my app/STM32CubeIDE_1.16.0/STM32CubeIDE/plugins/com.st.stm32cube.ide.mcu.externaltools.gnu-tools-for-stm32.12.3.rel1.win32_1.0.200.202406191623/tools/bin/../lib/gcc/arm-none-eabi/12.3.1/../../../../arm-none-eabi/lib/thumb/v7e-m+fp/hard\libc_nano.a(libc_a-sprintf.o)
                              ./Core/Src/main.o (sprintf)
C:/my app/STM32CubeIDE_1.16.0/STM32CubeIDE/plugins/com.st.stm32cube.ide.mcu.externaltools.gnu-tools-for-stm32.12.3.rel1.win32_1.0.200.202406191623/tools/bin/../lib/gcc/arm-none-eabi/12.3.1/../../../../arm-none-eabi/lib/thumb/v7e-m+fp/hard\libc_nano.a(libc_a-stdio.o)
                              C:/my app/STM32CubeIDE_1.16.0/STM32CubeIDE/plugins/com.st.stm32cube.ide.mcu.externaltools.gnu-tools-for-stm32.12.3.rel1.win32_1.0.200.202406191623/tools/bin/../lib/gcc/arm-none-eabi/12.3.1/../../../../arm-none-eabi/lib/thumb/v7e-m+fp/hard\libc_nano.a(libc_a-findfp.o) (__sread)
C:/my app/STM32CubeIDE_1.16.0/STM32CubeIDE/plugins/com.st.stm32cube.ide.mcu.externaltools.gnu-tools-for-stm32.12.3.rel1.win32_1.0.200.202406191623/tools/bin/../lib/gcc/arm-none-eabi/12.3.1/../../../../arm-none-eabi/lib/thumb/v7e-m+fp/hard\libc_nano.a(libc_a-vsnprintf.o)
                              ./Core/Src/print_cli.o (vsnprintf)
C:/my app/STM32CubeIDE_1.16.0/STM32CubeIDE/plugins/com.st.stm32cube.ide.mcu.externaltools.gnu-tools-for-stm32.12.3.rel1.win32_1.0.200.202406191623/tools/bin/../lib/gcc/arm-none-eabi/12.3.1/../../../../arm-none-eabi/lib/thumb/v7e-m+fp/hard\libc_nano.a(libc_a-wbuf.o)
                              C:/my app/STM32CubeIDE_1.16.0/STM32CubeIDE/plugins/com.st.stm32cube.ide.mcu.externaltools.gnu-tools-for-stm32.12.3.rel1.win32_1.0.200.202406191623/tools/bin/../lib/gcc/arm-none-eabi/12.3.1/../../../../arm-none-eabi/lib/thumb/v7e-m+fp/hard\libc_nano.a(libc_a-puts.o) (__swbuf_r)
[...]
Memory Configuration

Name             Origin             Length             Attributes
RAM              0x20000000         0x00018000         xrw
FLASH            0x08000000         0x00080000         xr
*default*        0x00000000         0xffffffff

Linker script and memory map

LOAD C:/my app/STM32CubeIDE_1.16.0/STM32CubeIDE/plugins/com.st.stm32cube.ide.mcu.externaltools.gnu-tools-for-stm32.12.3.rel1.win32_1.0.200.202406191623/tools/bin/../lib/gcc/arm-none-eabi/12.3.1/thumb/v7e-m+fp/hard/crti.o
LOAD C:/my app/STM32CubeIDE_1.16.0/STM32CubeIDE/plugins/com.st.stm32cube.ide.mcu.externaltools.gnu-tools-for-stm32.12.3.rel1.win32_1.0.200.202406191623/tools/bin/../lib/gcc/arm-none-eabi/12.3.1/thumb/v7e-m+fp/hard/crtbegin.o
LOAD C:/my app/STM32CubeIDE_1.16.0/STM32CubeIDE/plugins/com.st.stm32cube.ide.mcu.externaltools.gnu-tools-for-stm32.12.3.rel1.win32_1.0.200.202406191623/tools/bin/../lib/gcc/arm-none-eabi/12.3.1/../../../../arm-none-eabi/lib/thumb/v7e-m+fp/hard/crt0.o
LOAD ./Core/Src/I2C_DS3231.o
LOAD ./Core/Src/cli_command_list_user.o
LOAD ./Core/Src/command_excute.o
LOAD ./Core/Src/freertos.o
LOAD ./Core/Src/function_cli.o
LOAD ./Core/Src/i2c-lcd.o
LOAD ./Core/Src/main.o
LOAD ./Core/Src/print_cli.o
LOAD ./Core/Src/sht2x_for_stm32_hal.o
LOAD ./Core/Src/stm32f4xx_hal_msp.o
LOAD ./Core/Src/stm32f4xx_it.o
LOAD ./Core/Src/syscalls.o
LOAD ./Core/Src/sysmem.o
LOAD ./Core/Src/system_stm32f4xx.o
LOAD ./Core/Startup/startup_stm32f401retx.o
LOAD ./Drivers/STM32F4xx_HAL_Driver/Src/stm32f4xx_hal.o
LOAD ./Drivers/STM32F4xx_HAL_Driver/Src/stm32f4xx_hal_cortex.o
LOAD ./Drivers/STM32F4xx_HAL_Driver/Src/stm32f4xx_hal_dma.o
LOAD ./Drivers/STM32F4xx_HAL_Driver/Src/stm32f4xx_hal_dma_ex.o
LOAD ./Drivers/STM32F4xx_HAL_Driver/Src/stm32f4xx_hal_exti.o
LOAD ./Drivers/STM32F4xx_HAL_Driver/Src/stm32f4xx_hal_flash.o
LOAD ./Drivers/STM32F4xx_HAL_Driver/Src/stm32f4xx_hal_flash_ex.o
LOAD ./Drivers/STM32F4xx_HAL_Driver/Src/stm32f4xx_hal_flash_ramfunc.o
LOAD ./Drivers/STM32F4xx_HAL_Driver/Src/stm32f4xx_hal_gpio.o
LOAD ./Drivers/STM32F4xx_HAL_Driver/Src/stm32f4xx_hal_i2c.o
LOAD ./Drivers/STM32F4xx_HAL_Driver/Src/stm32f4xx_hal_i2c_ex.o
LOAD ./Drivers/STM32F4xx_HAL_Driver/Src/stm32f4xx_hal_pwr.o
LOAD ./Drivers/STM32F4xx_HAL_Driver/Src/stm32f4xx_hal_pwr_ex.o
LOAD ./Drivers/STM32F4xx_HAL_Driver/Src/stm32f4xx_hal_rcc.o
LOAD ./Drivers/STM32F4xx_HAL_Driver/Src/stm32f4xx_hal_rcc_ex.o
LOAD ./Drivers/STM32F4xx_HAL_Driver/Src/stm32f4xx_hal_tim.o
LOAD ./Drivers/STM32F4xx_HAL_Driver/Src/stm32f4xx_hal_tim_ex.o
LOAD ./Drivers/STM32F4xx_HAL_Driver/Src/stm32f4xx_hal_uart.o
LOAD ./Middlewares/Third_Party/FreeRTOS/Source/CMSIS_RTOS_V2/cmsis_os2.o
LOAD ./Middlewares/Third_Party/FreeRTOS/Source/croutine.o
LOAD ./Middlewares/Third_Party/FreeRTOS/Source/event_groups.o
LOAD ./Middlewares/Third_Party/FreeRTOS/Source/list.o
LOAD ./Middlewares/Third_Party/FreeRTOS/Source/queue.o
LOAD ./Middlewares/Third_Party/FreeRTOS/Source/stream_buffer.o
LOAD ./Middlewares/Third_Party/FreeRTOS/Source/tasks.o
LOAD ./Middlewares/Third_Party/FreeRTOS/Source/timers.o
LOAD ./Middlewares/Third_Party/FreeRTOS/Source/portable/GCC/ARM_CM4F/port.o
LOAD ./Middlewares/Third_Party/FreeRTOS/Source/portable/MemMang/heap_4.o
LOAD ./Middlewares/Third_Party/SEGGER/Config/SEGGER_SYSVIEW_Config_FreeRTOS.o
LOAD ./Middlewares/Third_Party/SEGGER/OS/SEGGER_SYSVIEW_FreeRTOS.o
LOAD ./Middlewares/Third_Party/SEGGER/Rec/segger_uart.o
LOAD ./Middlewares/Third_Party/SEGGER/SEGGER/SEGGER_RTT.o
LOAD ./Middlewares/Third_Party/SEGGER/SEGGER/SEGGER_RTT_ASM_ARMv7M.o
LOAD ./Middlewares/Third_Party/SEGGER/SEGGER/SEGGER_RTT_printf.o
LOAD ./Middlewares/Third_Party/SEGGER/SEGGER/SEGGER_SYSVIEW.o
LOAD ./Middlewares/Third_Party/SEGGER/SEGGER/Syscalls/SEGGER_RTT_Syscalls_GCC.o
START GROUP
LOAD C:/my app/STM32CubeIDE_1.16.0/STM32CubeIDE/plugins/com.st.stm32cube.ide.mcu.externaltools.gnu-tools-for-stm32.12.3.rel1.win32_1.0.200.202406191623/tools/bin/../lib/gcc/arm-none-eabi/12.3.1/../../../../arm-none-eabi/lib/thumb/v7e-m+fp/hard\libc_nano.a
LOAD C:/my app/STM32CubeIDE_1.16.0/STM32CubeIDE/plugins/com.st.stm32cube.ide.mcu.externaltools.gnu-tools-for-stm32.12.3.rel1.win32_1.0.200.202406191623/tools/bin/../lib/gcc/arm-none-eabi/12.3.1/../../../../arm-none-eabi/lib/thumb/v7e-m+fp/hard\libm.a
END GROUP
START GROUP
LOAD C:/my app/STM32CubeIDE_1.16.0/STM32CubeIDE/plugins/com.st.stm32cube.ide.mcu.externaltools.gnu-tools-for-stm32.12.3.rel1.win32_1.0.200.202406191623/tools/bin/../lib/gcc/arm-none-eabi/12.3.1/thumb/v7e-m+fp/hard\libgcc.a
LOAD C:/my app/STM32CubeIDE_1.16.0/STM32CubeIDE/plugins/com.st.stm32cube.ide.mcu.externaltools.gnu-tools-for-stm32.12.3.rel1.win32_1.0.200.202406191623/tools/bin/../lib/gcc/arm-none-eabi/12.3.1/../../../../arm-none-eabi/lib/thumb/v7e-m+fp/hard\libc_nano.a
END GROUP
START GROUP
LOAD C:/my app/STM32CubeIDE_1.16.0/STM32CubeIDE/plugins/com.st.stm32cube.ide.mcu.externaltools.gnu-tools-for-stm32.12.3.rel1.win32_1.0.200.202406191623/tools/bin/../lib/gcc/arm-none-eabi/12.3.1/thumb/v7e-m+fp/hard\libgcc.a
LOAD C:/my app/STM32CubeIDE_1.16.0/STM32CubeIDE/plugins/com.st.stm32cube.ide.mcu.externaltools.gnu-tools-for-stm32.12.3.rel1.win32_1.0.200.202406191623/tools/bin/../lib/gcc/arm-none-eabi/12.3.1/../../../../arm-none-eabi/lib/thumb/v7e-m+fp/hard\libc_nano.a
LOAD C:/my app/STM32CubeIDE_1.16.0/STM32CubeIDE/plugins/com.st.stm32cube.ide.mcu.externaltools.gnu-tools-for-stm32.12.3.rel1.win32_1.0.200.202406191623/tools/bin/../lib/gcc/arm-none-eabi/12.3.1/../../../../arm-none-eabi/lib/thumb/v7e-m+fp/hard\libnosys.a
END GROUP
START GROUP
LOAD C:/my app/STM32CubeIDE_1.16.0/STM32CubeIDE/plugins/com.st.stm32cube.ide.mcu.externaltools.gnu-tools-for-stm32.12.3.rel1.win32_1.0.200.202406191623/tools/bin/../lib/gcc/arm-none-eabi/12.3.1/thumb/v7e-m+fp/hard\libgcc.a
LOAD C:/my app/STM32CubeIDE_1.16.0/STM32CubeIDE/plugins/com.st.stm32cube.ide.mcu.externaltools.gnu-tools-for-stm32.12.3.rel1.win32_1.0.200.202406191623/tools/bin/../lib/gcc/arm-none-eabi/12.3.1/../../../../arm-none-eabi/lib/thumb/v7e-m+fp/hard\libc_nano.a
LOAD C:/my app/STM32CubeIDE_1.16.0/STM32CubeIDE/plugins/com.st.stm32cube.ide.mcu.externaltools.gnu-tools-for-stm32.12.3.rel1.win32_1.0.200.202406191623/tools/bin/../lib/gcc/arm-none-eabi/12.3.1/../../../../arm-none-eabi/lib/thumb/v7e-m+fp/hard\libnosys.a
END GROUP
LOAD C:/my app/STM32CubeIDE_1.16.0/STM32CubeIDE/plugins/com.st.stm32cube.ide.mcu.externaltools.gnu-tools-for-stm32.12.3.rel1.win32_1.0.200.202406191623/tools/bin/../lib/gcc/arm-none-eabi/12.3.1/thumb/v7e-m+fp/hard/crtend.o
LOAD C:/my app/STM32CubeIDE_1.16.0/STM32CubeIDE/plugins/com.st.stm32cube.ide.mcu.externaltools.gnu-tools-for-stm32.12.3.rel1.win32_1.0.200.202406191623/tools/bin/../lib/gcc/arm-none-eabi/12.3.1/thumb/v7e-m+fp/hard/crtn.o
                0x20018000                        _estack = (ORIGIN (RAM) + LENGTH (RAM))
                0x00000200                        _Min_Heap_Size = 0x200
                0x00000400                        _Min_Stack_Size = 0x400

.isr_vector     0x08000000      0x194
                0x08000000                        . = ALIGN (0x4)
 *(.isr_vector)
 .isr_vector    0x08000000      0x194 ./Core/Startup/startup_stm32f401retx.o
                0x08000000                g_pfnVectors
                0x08000194                        . = ALIGN (0x4)

.text           0x080001a0     0xd8d0
                0x080001a0                        . = ALIGN (0x4)
 *(.text)
 .text          0x080001a0       0x40 C:/my app/STM32CubeIDE_1.16.0/STM32CubeIDE/plugins/com.st.stm32cube.ide.mcu.externaltools.gnu-tools-for-stm32.12.3.rel1.win32_1.0.200.202406191623/tools/bin/../lib/gcc/arm-none-eabi/12.3.1/thumb/v7e-m+fp/hard/crtbegin.o
 .text          0x080001e0       0x94 ./Middlewares/Third_Party/SEGGER/SEGGER/SEGGER_RTT_ASM_ARMv7M.o
                0x080001e0                SEGGER_RTT_ASM_WriteSkipNoLock
 *fill*         0x08000274        0xc 
 .text          0x08000280       0xa0 C:/my app/STM32CubeIDE_1.16.0/STM32CubeIDE/plugins/com.st.stm32cube.ide.mcu.externaltools.gnu-tools-for-stm32.12.3.rel1.win32_1.0.200.202406191623/tools/bin/../lib/gcc/arm-none-eabi/12.3.1/../../../../arm-none-eabi/lib/thumb/v7e-m+fp/hard\libc_nano.a(libc_a-memchr.o)
                0x08000280                memchr
 .text          0x08000320       0x10 C:/my app/STM32CubeIDE_1.16.0/STM32CubeIDE/plugins/com.st.stm32cube.ide.mcu.externaltools.gnu-tools-for-stm32.12.3.rel1.win32_1.0.200.202406191623/tools/bin/../lib/gcc/arm-none-eabi/12.3.1/../../../../arm-none-eabi/lib/thumb/v7e-m+fp/hard\libc_nano.a(libc_a-strlen.o)
                0x08000320                strlen
 .text          0x08000330      0x378 C:/my app/STM32CubeIDE_1.16.0/STM32CubeIDE/plugins/com.st.stm32cube.ide.mcu.externaltools.gnu-tools-for-stm32.12.3.rel1.win32_1.0.200.202406191623/tools/bin/../lib/gcc/arm-none-eabi/12.3.1/thumb/v7e-m+fp/hard\libgcc.a(_arm_addsubdf3.o)
                0x08000330                __aeabi_drsub
                0x08000338                __aeabi_dsub
                0x08000338                __subdf3
                0x0800033c                __aeabi_dadd
                0x0800033c                __adddf3
                0x080005b4                __floatunsidf
                0x080005b4                __aeabi_ui2d
                0x080005d4                __floatsidf
                0x080005d4                __aeabi_i2d
                0x080005f8                __aeabi_f2d
                0x080005f8                __extendsfdf2
                0x0800063c                __floatundidf
                0x0800063c                __aeabi_ul2d
                0x0800064c                __floatdidf
                0x0800064c                __aeabi_l2d
 .text          0x080006a8      0x424 C:/my app/STM32CubeIDE_1.16.0/STM32CubeIDE/plugins/com.st.stm32cube.ide.mcu.externaltools.gnu-tools-for-stm32.12.3.rel1.win32_1.0.200.202406191623/tools/bin/../lib/gcc/arm-none-eabi/12.3.1/thumb/v7e-m+fp/hard\libgcc.a(_arm_muldivdf3.o)
                0x080006a8                __aeabi_dmul
                0x080006a8                __muldf3
                0x080008fc                __divdf3
                0x080008fc                __aeabi_ddiv
 .text          0x08000acc      0x110 C:/my app/STM32CubeIDE_1.16.0/STM32CubeIDE/plugins/com.st.stm32cube.ide.mcu.externaltools.gnu-tools-for-stm32.12.3.rel1.win32_1.0.200.202406191623/tools/bin/../lib/gcc/arm-none-eabi/12.3.1/thumb/v7e-m+fp/hard\libgcc.a(_arm_cmpdf2.o)
                0x08000acc                __gtdf2
                0x08000acc                __gedf2
                0x08000ad4                __ltdf2
                0x08000ad4                __ledf2
                0x08000adc                __nedf2
                0x08000adc                __eqdf2
                0x08000adc                __cmpdf2
                0x08000b58                __aeabi_cdrcmple
                0x08000b68                __aeabi_cdcmpeq
                0x08000b68                __aeabi_cdcmple
                0x08000b78                __aeabi_dcmpeq
                0x08000b8c                __aeabi_dcmplt
                0x08000ba0                __aeabi_dcmple
                0x08000bb4                __aeabi_dcmpge
                0x08000bc8                __aeabi_dcmpgt
 .text          0x08000bdc       0x2c C:/my app/STM32CubeIDE_1.16.0/STM32CubeIDE/plugins/com.st.stm32cube.ide.mcu.externaltools.gnu-tools-for-stm32.12.3.rel1.win32_1.0.200.202406191623/tools/bin/../lib/gcc/arm-none-eabi/12.3.1/thumb/v7e-m+fp/hard\libgcc.a(_arm_unorddf2.o)
                0x08000bdc                __unorddf2
                0x08000bdc                __aeabi_dcmpun
 .text          0x08000c08       0x50 C:/my app/STM32CubeIDE_1.16.0/STM32CubeIDE/plugins/com.st.stm32cube.ide.mcu.externaltools.gnu-tools-for-stm32.12.3.rel1.win32_1.0.200.202406191623/tools/bin/../lib/gcc/arm-none-eabi/12.3.1/thumb/v7e-m+fp/hard\libgcc.a(_arm_fixdfsi.o)
                0x08000c08                __aeabi_d2iz
                0x08000c08                __fixdfsi
 .text          0x08000c58       0xa0 C:/my app/STM32CubeIDE_1.16.0/STM32CubeIDE/plugins/com.st.stm32cube.ide.mcu.externaltools.gnu-tools-for-stm32.12.3.rel1.win32_1.0.200.202406191623/tools/bin/../lib/gcc/arm-none-eabi/12.3.1/thumb/v7e-m+fp/hard\libgcc.a(_arm_truncdfsf2.o)
                0x08000c58                __truncdfsf2
                0x08000c58                __aeabi_d2f
 .text          0x08000cf8       0x30 C:/my app/STM32CubeIDE_1.16.0/STM32CubeIDE/plugins/com.st.stm32cube.ide.mcu.externaltools.gnu-tools-for-stm32.12.3.rel1.win32_1.0.200.202406191623/tools/bin/../lib/gcc/arm-none-eabi/12.3.1/thumb/v7e-m+fp/hard\libgcc.a(_aeabi_uldivmod.o)
                0x08000cf8                __aeabi_uldivmod
 .text          0x08000d28      0x2bc C:/my app/STM32CubeIDE_1.16.0/STM32CubeIDE/plugins/com.st.stm32cube.ide.mcu.externaltools.gnu-tools-for-stm32.12.3.rel1.win32_1.0.200.202406191623/tools/bin/../lib/gcc/arm-none-eabi/12.3.1/thumb/v7e-m+fp/hard\libgcc.a(_udivmoddi4.o)
                0x08000d28                __udivmoddi4
 .text          0x08000fe4        0x4 C:/my app/STM32CubeIDE_1.16.0/STM32CubeIDE/plugins/com.st.stm32cube.ide.mcu.externaltools.gnu-tools-for-stm32.12.3.rel1.win32_1.0.200.202406191623/tools/bin/../lib/gcc/arm-none-eabi/12.3.1/thumb/v7e-m+fp/hard\libgcc.a(_dvmd_tls.o)
                0x08000fe4                __aeabi_idiv0
                0x08000fe4                __aeabi_ldiv0
 *(.text*)
 .text.Decimal2BCD
                0x08000fe8       0x48 ./Core/Src/I2C_DS3231.o
                0x08000fe8                Decimal2BCD
 .text.BCD2Decimal
                0x08001030       0x32 ./Core/Src/I2C_DS3231.o
                0x08001030                BCD2Decimal
 *fill*         0x08001062        0x2 
 .text.rtc_write_time
                0x08001064       0x90 ./Core/Src/I2C_DS3231.o
                0x08001064                rtc_write_time
 .text.rtc_read_time
                0x080010f4       0xb0 ./Core/Src/I2C_DS3231.o
                0x080010f4                rtc_read_time
 .text.rtc_init
                0x080011a4       0x20 ./Core/Src/I2C_DS3231.o
                0x080011a4                rtc_init
 .text.lcd_send_cmd
                0x080011c4       0x60 ./Core/Src/i2c-lcd.o
                0x080011c4                lcd_send_cmd
 .text.lcd_send_data
                0x08001224       0x60 ./Core/Src/i2c-lcd.o
                0x08001224                lcd_send_data
 .text.lcd_put_cur
                0x08001284       0x3e ./Core/Src/i2c-lcd.o
                0x08001284                lcd_put_cur
 .text.lcd_init
                0x080012c2       0x7a ./Core/Src/i2c-lcd.o
                0x080012c2                lcd_init
 .text.lcd_send_string
                0x0800133c       0x2a ./Core/Src/i2c-lcd.o
                0x0800133c                lcd_send_string
 *fill*         0x08001366        0x2 
 .text.main     0x08001368      0x1e4 ./Core/Src/main.o
                0x08001368                main
 .text.SystemClock_Config
                0x0800154c       0xd4 ./Core/Src/main.o
                0x0800154c                SystemClock_Config
 .text.MX_I2C1_Init
                0x08001620       0x5c ./Core/Src/main.o
 .text.MX_I2C2_Init
                0x0800167c       0x5c ./Core/Src/main.o
 .text.MX_I2C3_Init
                0x080016d8       0x5c ./Core/Src/main.o
 .text.MX_USART6_UART_Init
                0x08001734       0x54 ./Core/Src/main.o
 .text.MX_GPIO_Init
                0x08001788       0x88 ./Core/Src/main.o
 .text.HAL_UART_RxCpltCallback
                0x08001810       0x84 ./Core/Src/main.o
                0x08001810                HAL_UART_RxCpltCallback
 .text.updatePriorities
                0x08001894      0x190 ./Core/Src/main.o
                0x08001894                updatePriorities
 .text.updatePrevious
                0x08001a24       0x3e ./Core/Src/main.o
                0x08001a24                updatePrevious
 .text.detectChange
                0x08001a62       0x64 ./Core/Src/main.o
                0x08001a62                detectChange
 *fill*         0x08001ac6        0x2 
 .text.StartDefaultTask
                0x08001ac8      0x184 ./Core/Src/main.o
                0x08001ac8                StartDefaultTask
 .text.StartTask02
                0x08001c4c      0x168 ./Core/Src/main.o
                0x08001c4c                StartTask02
 .text.StartTask03
                0x08001db4      0x1a0 ./Core/Src/main.o
                0x08001db4                StartTask03
 .text.StartTask04
                0x08001f54      0x1e4 ./Core/Src/main.o
                0x08001f54                StartTask04
 .text.StartTask05
                0x08002138      0x190 ./Core/Src/main.o
                0x08002138                StartTask05
 .text.StartTask06
                0x080022c8      0x194 ./Core/Src/main.o
                0x080022c8                StartTask06
 .text.StartTask07
                0x0800245c      0x208 ./Core/Src/main.o
                0x0800245c                StartTask07
 .text.Error_Handler
                0x08002664        0xc ./Core/Src/main.o
                0x08002664                Error_Handler
 .text.print_cli
                0x08002670       0x70 ./Core/Src/print_cli.o
                0x08002670                print_cli
 .text.SHT2x_Init
                0x080026e0       0x20 ./Core/Src/sht2x_for_stm32_hal.o
                0x080026e0                SHT2x_Init
 .text.SHT2x_ReadUserReg
                0x08002700       0x40 ./Core/Src/sht2x_for_stm32_hal.o
                0x08002700                SHT2x_ReadUserReg
 .text.SHT2x_GetRaw
                0x08002740       0x60 ./Core/Src/sht2x_for_stm32_hal.o
                0x08002740                SHT2x_GetRaw
 .text.SHT2x_GetTemperature
                0x080027a0       0x8c ./Core/Src/sht2x_for_stm32_hal.o
                0x080027a0                SHT2x_GetTemperature
 .text.SHT2x_GetRelativeHumidity
                0x0800282c       0x80 ./Core/Src/sht2x_for_stm32_hal.o
                0x0800282c                SHT2x_GetRelativeHumidity
 .text.SHT2x_SetResolution
                0x080028ac       0x50 ./Core/Src/sht2x_for_stm32_hal.o
                0x080028ac                SHT2x_SetResolution
 .text.HAL_MspInit
                0x080028fc       0x58 ./Core/Src/stm32f4xx_hal_msp.o
                0x080028fc                HAL_MspInit
 .text.HAL_I2C_MspInit
                0x08002954      0x1c8 ./Core/Src/stm32f4xx_hal_msp.o
                0x08002954                HAL_I2C_MspInit
 .text.HAL_UART_MspInit
                0x08002b1c       0xa0 ./Core/Src/stm32f4xx_hal_msp.o
                0x08002b1c                HAL_UART_MspInit
 .text.NMI_Handler
                0x08002bbc        0x8 ./Core/Src/stm32f4xx_it.o
                0x08002bbc                NMI_Handler
 .text.HardFault_Handler
                0x08002bc4        0x8 ./Core/Src/stm32f4xx_it.o
                0x08002bc4                HardFault_Handler
 .text.MemManage_Handler
                0x08002bcc        0x8 ./Core/Src/stm32f4xx_it.o
                0x08002bcc                MemManage_Handler
 .text.BusFault_Handler
                0x08002bd4        0x8 ./Core/Src/stm32f4xx_it.o
                0x08002bd4                BusFault_Handler
 .text.UsageFault_Handler
                0x08002bdc        0x8 ./Core/Src/stm32f4xx_it.o
                0x08002bdc                UsageFault_Handler
 .text.DebugMon_Handler
                0x08002be4        0xe ./Core/Src/stm32f4xx_it.o
                0x08002be4                DebugMon_Handler
 .text.SysTick_Handler
                0x08002bf2       0x1a ./Core/Src/stm32f4xx_it.o
                0x08002bf2                SysTick_Handler
 .text.USART6_IRQHandler
                0x08002c0c       0x14 ./Core/Src/stm32f4xx_it.o
                0x08002c0c                USART6_IRQHandler
 .text._getpid  0x08002c20       0x10 ./Core/Src/syscalls.o
                0x08002c20                _getpid
 .text._kill    0x08002c30       0x20 ./Core/Src/syscalls.o
                0x08002c30                _kill
 .text._exit    0x08002c50       0x16 ./Core/Src/syscalls.o
                0x08002c50                _exit
 .text._read    0x08002c66       0x3a ./Core/Src/syscalls.o
                0x08002c66                _read
 .text._close   0x08002ca0       0x18 ./Core/Src/syscalls.o
                0x08002ca0                _close
 .text._fstat   0x08002cb8       0x20 ./Core/Src/syscalls.o
                0x08002cb8                _fstat
 .text._isatty  0x08002cd8       0x16 ./Core/Src/syscalls.o
                0x08002cd8                _isatty
 .text._lseek   0x08002cee       0x1a ./Core/Src/syscalls.o
                0x08002cee                _lseek
 .text._sbrk    0x08002d08       0x6c ./Core/Src/sysmem.o
                0x08002d08                _sbrk
 .text.SystemInit
                0x08002d74       0x24 ./Core/Src/system_stm32f4xx.o
                0x08002d74                SystemInit
 .text.Reset_Handler
                0x08002d98       0x50 ./Core/Startup/startup_stm32f401retx.o
                0x08002d98                Reset_Handler
 .text.Default_Handler
                0x08002de8        0x2 ./Core/Startup/startup_stm32f401retx.o
                0x08002de8                RTC_Alarm_IRQHandler
                0x08002de8                EXTI2_IRQHandler
                0x08002de8                SPI4_IRQHandler
                0x08002de8                TIM1_CC_IRQHandler
                0x08002de8                DMA2_Stream5_IRQHandler
                0x08002de8                DMA1_Stream5_IRQHandler
                0x08002de8                PVD_IRQHandler
                0x08002de8                SDIO_IRQHandler
                0x08002de8                TAMP_STAMP_IRQHandler
                0x08002de8                EXTI3_IRQHandler
                0x08002de8                TIM1_UP_TIM10_IRQHandler
                0x08002de8                I2C3_ER_IRQHandler
                0x08002de8                EXTI0_IRQHandler
                0x08002de8                I2C2_EV_IRQHandler
                0x08002de8                DMA1_Stream2_IRQHandler
                0x08002de8                FPU_IRQHandler
                0x08002de8                DMA2_Stream2_IRQHandler
                0x08002de8                SPI1_IRQHandler
                0x08002de8                TIM1_BRK_TIM9_IRQHandler
                0x08002de8                DMA2_Stream3_IRQHandler
                0x08002de8                DMA2_Stream0_IRQHandler
                0x08002de8                TIM4_IRQHandler
                0x08002de8                I2C1_EV_IRQHandler
                0x08002de8                DMA1_Stream6_IRQHandler
                0x08002de8                DMA1_Stream1_IRQHandler
                0x08002de8                TIM3_IRQHandler
                0x08002de8                RCC_IRQHandler
                0x08002de8                Default_Handler
                0x08002de8                EXTI15_10_IRQHandler
                0x08002de8                ADC_IRQHandler
                0x08002de8                DMA1_Stream7_IRQHandler
                0x08002de8                TIM5_IRQHandler
                0x08002de8                DMA2_Stream7_IRQHandler
                0x08002de8                I2C3_EV_IRQHandler
                0x08002de8                EXTI9_5_IRQHandler
                0x08002de8                RTC_WKUP_IRQHandler
                0x08002de8                SPI2_IRQHandler
                0x08002de8                DMA1_Stream0_IRQHandler
                0x08002de8                EXTI4_IRQHandler
                0x08002de8                WWDG_IRQHandler
                0x08002de8                TIM2_IRQHandler
                0x08002de8                OTG_FS_WKUP_IRQHandler
                0x08002de8                TIM1_TRG_COM_TIM11_IRQHandler
                0x08002de8                EXTI1_IRQHandler
                0x08002de8                I2C2_ER_IRQHandler
                0x08002de8                DMA2_Stream1_IRQHandler
                0x08002de8                FLASH_IRQHandler
                0x08002de8                DMA2_Stream4_IRQHandler
                0x08002de8                USART1_IRQHandler
                0x08002de8                OTG_FS_IRQHandler
                0x08002de8                SPI3_IRQHandler
                0x08002de8                DMA1_Stream4_IRQHandler
                0x08002de8                I2C1_ER_IRQHandler
                0x08002de8                DMA2_Stream6_IRQHandler
                0x08002de8                DMA1_Stream3_IRQHandler
 *fill*         0x08002dea        0x2 
 .text.HAL_Init
                0x08002dec       0x44 ./Drivers/STM32F4xx_HAL_Driver/Src/stm32f4xx_hal.o
                0x08002dec                HAL_Init
 .text.HAL_InitTick
                0x08002e30       0x60 ./Drivers/STM32F4xx_HAL_Driver/Src/stm32f4xx_hal.o
                0x08002e30                HAL_InitTick
 .text.HAL_IncTick
                0x08002e90       0x28 ./Drivers/STM32F4xx_HAL_Driver/Src/stm32f4xx_hal.o
                0x08002e90                HAL_IncTick
 .text.HAL_GetTick
                0x08002eb8       0x18 ./Drivers/STM32F4xx_HAL_Driver/Src/stm32f4xx_hal.o
                0x08002eb8                HAL_GetTick
 .text.HAL_Delay
                0x08002ed0       0x48 ./Drivers/STM32F4xx_HAL_Driver/Src/stm32f4xx_hal.o
                0x08002ed0                HAL_Delay
 .text.__NVIC_SetPriorityGrouping
                0x08002f18       0x48 ./Drivers/STM32F4xx_HAL_Driver/Src/stm32f4xx_hal_cortex.o
 .text.__NVIC_GetPriorityGrouping
                0x08002f60       0x1c ./Drivers/STM32F4xx_HAL_Driver/Src/stm32f4xx_hal_cortex.o
 .text.__NVIC_EnableIRQ
                0x08002f7c       0x3c ./Drivers/STM32F4xx_HAL_Driver/Src/stm32f4xx_hal_cortex.o
 .text.__NVIC_SetPriority
                0x08002fb8       0x54 ./Drivers/STM32F4xx_HAL_Driver/Src/stm32f4xx_hal_cortex.o
 .text.NVIC_EncodePriority
                0x0800300c       0x66 ./Drivers/STM32F4xx_HAL_Driver/Src/stm32f4xx_hal_cortex.o
 *fill*         0x08003072        0x2 
 .text.SysTick_Config
                0x08003074       0x44 ./Drivers/STM32F4xx_HAL_Driver/Src/stm32f4xx_hal_cortex.o
 .text.HAL_NVIC_SetPriorityGrouping
                0x080030b8       0x16 ./Drivers/STM32F4xx_HAL_Driver/Src/stm32f4xx_hal_cortex.o
                0x080030b8                HAL_NVIC_SetPriorityGrouping
 .text.HAL_NVIC_SetPriority
                0x080030ce       0x38 ./Drivers/STM32F4xx_HAL_Driver/Src/stm32f4xx_hal_cortex.o
                0x080030ce                HAL_NVIC_SetPriority
 .text.HAL_NVIC_EnableIRQ
                0x08003106       0x1c ./Drivers/STM32F4xx_HAL_Driver/Src/stm32f4xx_hal_cortex.o
                0x08003106                HAL_NVIC_EnableIRQ
 .text.HAL_SYSTICK_Config
                0x08003122       0x18 ./Drivers/STM32F4xx_HAL_Driver/Src/stm32f4xx_hal_cortex.o
                0x08003122                HAL_SYSTICK_Config
 .text.HAL_DMA_Abort
                0x0800313a       0xe0 ./Drivers/STM32F4xx_HAL_Driver/Src/stm32f4xx_hal_dma.o
                0x0800313a                HAL_DMA_Abort
 .text.HAL_DMA_Abort_IT
                0x0800321a       0x44 ./Drivers/STM32F4xx_HAL_Driver/Src/stm32f4xx_hal_dma.o
                0x0800321a                HAL_DMA_Abort_IT
 *fill*         0x0800325e        0x2 
 .text.HAL_GPIO_Init
                0x08003260      0x308 ./Drivers/STM32F4xx_HAL_Driver/Src/stm32f4xx_hal_gpio.o
                0x08003260                HAL_GPIO_Init
 .text.HAL_I2C_Init
                0x08003568      0x288 ./Drivers/STM32F4xx_HAL_Driver/Src/stm32f4xx_hal_i2c.o
                0x08003568                HAL_I2C_Init
 .text.HAL_I2C_Master_Transmit
                0x080037f0      0x1fc ./Drivers/STM32F4xx_HAL_Driver/Src/stm32f4xx_hal_i2c.o
                0x080037f0                HAL_I2C_Master_Transmit
 .text.HAL_I2C_Master_Receive
                0x080039ec      0x464 ./Drivers/STM32F4xx_HAL_Driver/Src/stm32f4xx_hal_i2c.o
                0x080039ec                HAL_I2C_Master_Receive
 .text.I2C_MasterRequestWrite
                0x08003e50      0x104 ./Drivers/STM32F4xx_HAL_Driver/Src/stm32f4xx_hal_i2c.o
 .text.I2C_MasterRequestRead
                0x08003f54      0x19c ./Drivers/STM32F4xx_HAL_Driver/Src/stm32f4xx_hal_i2c.o
 .text.I2C_WaitOnFlagUntilTimeout
                0x080040f0       0xf4 ./Drivers/STM32F4xx_HAL_Driver/Src/stm32f4xx_hal_i2c.o
 .text.I2C_WaitOnMasterAddressFlagUntilTimeout
                0x080041e4      0x140 ./Drivers/STM32F4xx_HAL_Driver/Src/stm32f4xx_hal_i2c.o
 .text.I2C_WaitOnTXEFlagUntilTimeout
                0x08004324       0x90 ./Drivers/STM32F4xx_HAL_Driver/Src/stm32f4xx_hal_i2c.o
 .text.I2C_WaitOnBTFFlagUntilTimeout
                0x080043b4       0x90 ./Drivers/STM32F4xx_HAL_Driver/Src/stm32f4xx_hal_i2c.o
 .text.I2C_WaitOnRXNEFlagUntilTimeout
                0x08004444       0xba ./Drivers/STM32F4xx_HAL_Driver/Src/stm32f4xx_hal_i2c.o
 .text.I2C_IsAcknowledgeFailed
                0x080044fe       0x5e ./Drivers/STM32F4xx_HAL_Driver/Src/stm32f4xx_hal_i2c.o
 .text.HAL_RCC_OscConfig
                0x0800455c      0x4f0 ./Drivers/STM32F4xx_HAL_Driver/Src/stm32f4xx_hal_rcc.o
                0x0800455c                HAL_RCC_OscConfig
 .text.HAL_RCC_ClockConfig
                0x08004a4c      0x1cc ./Drivers/STM32F4xx_HAL_Driver/Src/stm32f4xx_hal_rcc.o
                0x08004a4c                HAL_RCC_ClockConfig
 .text.HAL_RCC_GetSysClockFreq
                0x08004c18      0x18c ./Drivers/STM32F4xx_HAL_Driver/Src/stm32f4xx_hal_rcc.o
                0x08004c18                HAL_RCC_GetSysClockFreq
 .text.HAL_RCC_GetHCLKFreq
                0x08004da4       0x18 ./Drivers/STM32F4xx_HAL_Driver/Src/stm32f4xx_hal_rcc.o
                0x08004da4                HAL_RCC_GetHCLKFreq
 .text.HAL_RCC_GetPCLK1Freq
                0x08004dbc       0x28 ./Drivers/STM32F4xx_HAL_Driver/Src/stm32f4xx_hal_rcc.o
                0x08004dbc                HAL_RCC_GetPCLK1Freq
 .text.HAL_RCC_GetPCLK2Freq
                0x08004de4       0x28 ./Drivers/STM32F4xx_HAL_Driver/Src/stm32f4xx_hal_rcc.o
                0x08004de4                HAL_RCC_GetPCLK2Freq
 .text.HAL_UART_Init
                0x08004e0c       0xa0 ./Drivers/STM32F4xx_HAL_Driver/Src/stm32f4xx_hal_uart.o
                0x08004e0c                HAL_UART_Init
 .text.HAL_UART_Transmit
                0x08004eac      0x116 ./Drivers/STM32F4xx_HAL_Driver/Src/stm32f4xx_hal_uart.o
                0x08004eac                HAL_UART_Transmit
 .text.HAL_UART_Receive_IT
                0x08004fc2       0x4a ./Drivers/STM32F4xx_HAL_Driver/Src/stm32f4xx_hal_uart.o
                0x08004fc2                HAL_UART_Receive_IT
 .text.HAL_UART_IRQHandler
                0x0800500c      0x524 ./Drivers/STM32F4xx_HAL_Driver/Src/stm32f4xx_hal_uart.o
                0x0800500c                HAL_UART_IRQHandler
 .text.HAL_UART_TxCpltCallback
                0x08005530       0x14 ./Drivers/STM32F4xx_HAL_Driver/Src/stm32f4xx_hal_uart.o
                0x08005530                HAL_UART_TxCpltCallback
 .text.HAL_UART_ErrorCallback
                0x08005544       0x14 ./Drivers/STM32F4xx_HAL_Driver/Src/stm32f4xx_hal_uart.o
                0x08005544                HAL_UART_ErrorCallback
 .text.HAL_UARTEx_RxEventCallback
                0x08005558       0x18 ./Drivers/STM32F4xx_HAL_Driver/Src/stm32f4xx_hal_uart.o
                0x08005558                HAL_UARTEx_RxEventCallback
 .text.UART_WaitOnFlagUntilTimeout
                0x08005570       0xb2 ./Drivers/STM32F4xx_HAL_Driver/Src/stm32f4xx_hal_uart.o
 .text.UART_Start_Receive_IT
                0x08005622       0x74 ./Drivers/STM32F4xx_HAL_Driver/Src/stm32f4xx_hal_uart.o
                0x08005622                UART_Start_Receive_IT
 .text.UART_EndRxTransfer
                0x08005696       0xc6 ./Drivers/STM32F4xx_HAL_Driver/Src/stm32f4xx_hal_uart.o
 .text.UART_DMAAbortOnError
                0x0800575c       0x28 ./Drivers/STM32F4xx_HAL_Driver/Src/stm32f4xx_hal_uart.o
 .text.UART_Transmit_IT
                0x08005784       0xa0 ./Drivers/STM32F4xx_HAL_Driver/Src/stm32f4xx_hal_uart.o
 .text.UART_EndTransmit_IT
                0x08005824       0x30 ./Drivers/STM32F4xx_HAL_Driver/Src/stm32f4xx_hal_uart.o
 .text.UART_Receive_IT
                0x08005854      0x17c ./Drivers/STM32F4xx_HAL_Driver/Src/stm32f4xx_hal_uart.o
 .text.UART_SetConfig
                0x080059d0      0x4e8 ./Drivers/STM32F4xx_HAL_Driver/Src/stm32f4xx_hal_uart.o
 .text.__NVIC_SetPriority
                0x08005eb8       0x54 ./Middlewares/Third_Party/FreeRTOS/Source/CMSIS_RTOS_V2/cmsis_os2.o
 .text.SVC_Setup
                0x08005f0c       0x12 ./Middlewares/Third_Party/FreeRTOS/Source/CMSIS_RTOS_V2/cmsis_os2.o
 *fill*         0x08005f1e        0x2 
 .text.osKernelInitialize
                0x08005f20       0x48 ./Middlewares/Third_Party/FreeRTOS/Source/CMSIS_RTOS_V2/cmsis_os2.o
                0x08005f20                osKernelInitialize
 .text.osKernelStart
                0x08005f68       0x4c ./Middlewares/Third_Party/FreeRTOS/Source/CMSIS_RTOS_V2/cmsis_os2.o
                0x08005f68                osKernelStart
 .text.osKernelGetTickCount
                0x08005fb4       0x2a ./Middlewares/Third_Party/FreeRTOS/Source/CMSIS_RTOS_V2/cmsis_os2.o
                0x08005fb4                osKernelGetTickCount
 .text.osThreadNew
                0x08005fde      0x124 ./Middlewares/Third_Party/FreeRTOS/Source/CMSIS_RTOS_V2/cmsis_os2.o
                0x08005fde                osThreadNew
 .text.osDelay  0x08006102       0x36 ./Middlewares/Third_Party/FreeRTOS/Source/CMSIS_RTOS_V2/cmsis_os2.o
                0x08006102                osDelay
 .text.osMessageQueueNew
                0x08006138       0xe6 ./Middlewares/Third_Party/FreeRTOS/Source/CMSIS_RTOS_V2/cmsis_os2.o
                0x08006138                osMessageQueueNew
 *fill*         0x0800621e        0x2 
 .text.osMessageQueuePut
                0x08006220       0xc0 ./Middlewares/Third_Party/FreeRTOS/Source/CMSIS_RTOS_V2/cmsis_os2.o
                0x08006220                osMessageQueuePut
 .text.osMessageQueueGet
                0x080062e0       0xbc ./Middlewares/Third_Party/FreeRTOS/Source/CMSIS_RTOS_V2/cmsis_os2.o
                0x080062e0                osMessageQueueGet
 .text.vApplicationGetIdleTaskMemory
                0x0800639c       0x34 ./Middlewares/Third_Party/FreeRTOS/Source/CMSIS_RTOS_V2/cmsis_os2.o
                0x0800639c                vApplicationGetIdleTaskMemory
 .text.vApplicationGetTimerTaskMemory
                0x080063d0       0x34 ./Middlewares/Third_Party/FreeRTOS/Source/CMSIS_RTOS_V2/cmsis_os2.o
                0x080063d0                vApplicationGetTimerTaskMemory
 .text.vListInitialise
                0x08006404       0x40 ./Middlewares/Third_Party/FreeRTOS/Source/list.o
                0x08006404                vListInitialise
 .text.vListInitialiseItem
                0x08006444       0x1a ./Middlewares/Third_Party/FreeRTOS/Source/list.o
                0x08006444                vListInitialiseItem
 .text.vListInsertEnd
                0x0800645e       0x48 ./Middlewares/Third_Party/FreeRTOS/Source/list.o
                0x0800645e                vListInsertEnd
 .text.vListInsert
                0x080064a6       0x72 ./Middlewares/Third_Party/FreeRTOS/Source/list.o
                0x080064a6                vListInsert
 .text.uxListRemove
                0x08006518       0x54 ./Middlewares/Third_Party/FreeRTOS/Source/list.o
                0x08006518                uxListRemove
 .text.xQueueGenericReset
                0x0800656c       0xd4 ./Middlewares/Third_Party/FreeRTOS/Source/queue.o
                0x0800656c                xQueueGenericReset
 .text.xQueueGenericCreateStatic
                0x08006640       0xfa ./Middlewares/Third_Party/FreeRTOS/Source/queue.o
                0x08006640                xQueueGenericCreateStatic
 .text.xQueueGenericCreate
                0x0800673a       0x76 ./Middlewares/Third_Party/FreeRTOS/Source/queue.o
                0x0800673a                xQueueGenericCreate
 .text.prvInitialiseNewQueue
                0x080067b0       0x46 ./Middlewares/Third_Party/FreeRTOS/Source/queue.o
 *fill*         0x080067f6        0x2 
 .text.xQueueGenericSend
                0x080067f8      0x204 ./Middlewares/Third_Party/FreeRTOS/Source/queue.o
                0x080067f8                xQueueGenericSend
 .text.xQueueGenericSendFromISR
                0x080069fc      0x13c ./Middlewares/Third_Party/FreeRTOS/Source/queue.o
                0x080069fc                xQueueGenericSendFromISR
 .text.xQueueReceive
                0x08006b38      0x1c4 ./Middlewares/Third_Party/FreeRTOS/Source/queue.o
                0x08006b38                xQueueReceive
 .text.xQueueReceiveFromISR
                0x08006cfc      0x104 ./Middlewares/Third_Party/FreeRTOS/Source/queue.o
                0x08006cfc                xQueueReceiveFromISR
 .text.prvCopyDataToQueue
                0x08006e00       0xd4 ./Middlewares/Third_Party/FreeRTOS/Source/queue.o
 .text.prvCopyDataFromQueue
                0x08006ed4       0x4c ./Middlewares/Third_Party/FreeRTOS/Source/queue.o
 .text.prvUnlockQueue
                0x08006f20       0xa4 ./Middlewares/Third_Party/FreeRTOS/Source/queue.o
 .text.prvIsQueueEmpty
                0x08006fc4       0x2c ./Middlewares/Third_Party/FreeRTOS/Source/queue.o
 .text.prvIsQueueFull
                0x08006ff0       0x30 ./Middlewares/Third_Party/FreeRTOS/Source/queue.o
 .text.vQueueAddToRegistry
                0x08007020       0x54 ./Middlewares/Third_Party/FreeRTOS/Source/queue.o
                0x08007020                vQueueAddToRegistry
 .text.vQueueWaitForMessageRestricted
                0x08007074       0x68 ./Middlewares/Third_Party/FreeRTOS/Source/queue.o
                0x08007074                vQueueWaitForMessageRestricted
 .text.xTaskCreateStatic
                0x080070dc       0xc0 ./Middlewares/Third_Party/FreeRTOS/Source/tasks.o
                0x080070dc                xTaskCreateStatic
 .text.xTaskCreate
                0x0800719c       0x8a ./Middlewares/Third_Party/FreeRTOS/Source/tasks.o
                0x0800719c                xTaskCreate
 .text.prvInitialiseNewTask
                0x08007226      0x120 ./Middlewares/Third_Party/FreeRTOS/Source/tasks.o
 *fill*         0x08007346        0x2 
 .text.prvAddNewTaskToReadyList
                0x08007348       0xe0 ./Middlewares/Third_Party/FreeRTOS/Source/tasks.o
 .text.vTaskDelayUntil
                0x08007428      0x100 ./Middlewares/Third_Party/FreeRTOS/Source/tasks.o
                0x08007428                vTaskDelayUntil
 .text.vTaskDelay
                0x08007528       0x6c ./Middlewares/Third_Party/FreeRTOS/Source/tasks.o
                0x08007528                vTaskDelay
 .text.vTaskPrioritySet
                0x08007594      0x13c ./Middlewares/Third_Party/FreeRTOS/Source/tasks.o
                0x08007594                vTaskPrioritySet
 .text.vTaskStartScheduler
                0x080076d0       0xd0 ./Middlewares/Third_Party/FreeRTOS/Source/tasks.o
                0x080076d0                vTaskStartScheduler
 .text.vTaskSuspendAll
                0x080077a0       0x1c ./Middlewares/Third_Party/FreeRTOS/Source/tasks.o
                0x080077a0                vTaskSuspendAll
 .text.xTaskResumeAll
                0x080077bc      0x13c ./Middlewares/Third_Party/FreeRTOS/Source/tasks.o
                0x080077bc                xTaskResumeAll
 .text.xTaskGetTickCount
                0x080078f8       0x20 ./Middlewares/Third_Party/FreeRTOS/Source/tasks.o
                0x080078f8                xTaskGetTickCount
 .text.xTaskGetTickCountFromISR
                0x08007918       0x24 ./Middlewares/Third_Party/FreeRTOS/Source/tasks.o
                0x08007918                xTaskGetTickCountFromISR
 .text.xTaskIncrementTick
                0x0800793c      0x174 ./Middlewares/Third_Party/FreeRTOS/Source/tasks.o
                0x0800793c                xTaskIncrementTick
 .text.vTaskSwitchContext
                0x08007ab0       0xbc ./Middlewares/Third_Party/FreeRTOS/Source/tasks.o
                0x08007ab0                vTaskSwitchContext
 .text.vTaskPlaceOnEventList
                0x08007b6c       0x4c ./Middlewares/Third_Party/FreeRTOS/Source/tasks.o
                0x08007b6c                vTaskPlaceOnEventList
 .text.vTaskPlaceOnEventListRestricted
                0x08007bb8       0x58 ./Middlewares/Third_Party/FreeRTOS/Source/tasks.o
                0x08007bb8                vTaskPlaceOnEventListRestricted
 .text.xTaskRemoveFromEventList
                0x08007c10       0xc8 ./Middlewares/Third_Party/FreeRTOS/Source/tasks.o
                0x08007c10                xTaskRemoveFromEventList
 .text.vTaskInternalSetTimeOutState
                0x08007cd8       0x2c ./Middlewares/Third_Party/FreeRTOS/Source/tasks.o
                0x08007cd8                vTaskInternalSetTimeOutState
 .text.xTaskCheckForTimeOut
                0x08007d04       0xc8 ./Middlewares/Third_Party/FreeRTOS/Source/tasks.o
                0x08007d04                xTaskCheckForTimeOut
 .text.vTaskMissedYield
                0x08007dcc       0x18 ./Middlewares/Third_Party/FreeRTOS/Source/tasks.o
                0x08007dcc                vTaskMissedYield
 .text.prvIdleTask
                0x08007de4       0x30 ./Middlewares/Third_Party/FreeRTOS/Source/tasks.o
 .text.prvInitialiseTaskLists
                0x08007e14       0x80 ./Middlewares/Third_Party/FreeRTOS/Source/tasks.o
 .text.prvCheckTasksWaitingTermination
                0x08007e94       0x5c ./Middlewares/Third_Party/FreeRTOS/Source/tasks.o
 .text.prvTaskCheckFreeStackSpace
                0x08007ef0       0x38 ./Middlewares/Third_Party/FreeRTOS/Source/tasks.o
 .text.uxTaskGetStackHighWaterMark
                0x08007f28       0x38 ./Middlewares/Third_Party/FreeRTOS/Source/tasks.o
                0x08007f28                uxTaskGetStackHighWaterMark
 .text.prvDeleteTCB
                0x08007f60       0x60 ./Middlewares/Third_Party/FreeRTOS/Source/tasks.o
 .text.prvResetNextTaskUnblockTime
                0x08007fc0       0x40 ./Middlewares/Third_Party/FreeRTOS/Source/tasks.o
 .text.xTaskGetSchedulerState
                0x08008000       0x3c ./Middlewares/Third_Party/FreeRTOS/Source/tasks.o
                0x08008000                xTaskGetSchedulerState
 .text.xTaskPriorityDisinherit
                0x0800803c       0xe0 ./Middlewares/Third_Party/FreeRTOS/Source/tasks.o
                0x0800803c                xTaskPriorityDisinherit
 .text.prvAddCurrentTaskToDelayedList
                0x0800811c       0xa8 ./Middlewares/Third_Party/FreeRTOS/Source/tasks.o
 .text.xTimerCreateTimerTask
                0x080081c4       0x94 ./Middlewares/Third_Party/FreeRTOS/Source/timers.o
                0x080081c4                xTimerCreateTimerTask
 .text.xTimerGenericCommand
                0x08008258       0x9c ./Middlewares/Third_Party/FreeRTOS/Source/timers.o
                0x08008258                xTimerGenericCommand
 .text.prvProcessExpiredTimer
                0x080082f4       0x9c ./Middlewares/Third_Party/FreeRTOS/Source/timers.o
 .text.prvTimerTask
                0x08008390       0x26 ./Middlewares/Third_Party/FreeRTOS/Source/timers.o
 *fill*         0x080083b6        0x2 
 .text.prvProcessTimerOrBlockTask
                0x080083b8       0x9c ./Middlewares/Third_Party/FreeRTOS/Source/timers.o
 .text.prvGetNextExpireTime
                0x08008454       0x48 ./Middlewares/Third_Party/FreeRTOS/Source/timers.o
 .text.prvSampleTimeNow
                0x0800849c       0x40 ./Middlewares/Third_Party/FreeRTOS/Source/timers.o
 .text.prvInsertTimerInActiveList
                0x080084dc       0x84 ./Middlewares/Third_Party/FreeRTOS/Source/timers.o
 .text.prvProcessReceivedCommands
                0x08008560      0x1cc ./Middlewares/Third_Party/FreeRTOS/Source/timers.o
 .text.prvSwitchTimerLists
                0x0800872c       0xcc ./Middlewares/Third_Party/FreeRTOS/Source/timers.o
 .text.prvCheckForValidListAndQueue
                0x080087f8       0x80 ./Middlewares/Third_Party/FreeRTOS/Source/timers.o
 .text.pxPortInitialiseStack
                0x08008878       0x68 ./Middlewares/Third_Party/FreeRTOS/Source/portable/GCC/ARM_CM4F/port.o
                0x08008878                pxPortInitialiseStack
 .text.prvTaskExitError
                0x080088e0       0x5c ./Middlewares/Third_Party/FreeRTOS/Source/portable/GCC/ARM_CM4F/port.o
 *fill*         0x0800893c        0x4 
 .text.SVC_Handler
                0x08008940       0x28 ./Middlewares/Third_Party/FreeRTOS/Source/portable/GCC/ARM_CM4F/port.o
                0x08008940                SVC_Handler
 .text.prvPortStartFirstTask
                0x08008968       0x28 ./Middlewares/Third_Party/FreeRTOS/Source/portable/GCC/ARM_CM4F/port.o
 .text.xPortStartScheduler
                0x08008990      0x148 ./Middlewares/Third_Party/FreeRTOS/Source/portable/GCC/ARM_CM4F/port.o
                0x08008990                xPortStartScheduler
 .text.vPortEnterCritical
                0x08008ad8       0x64 ./Middlewares/Third_Party/FreeRTOS/Source/portable/GCC/ARM_CM4F/port.o
                0x08008ad8                vPortEnterCritical
 .text.vPortExitCritical
                0x08008b3c       0x54 ./Middlewares/Third_Party/FreeRTOS/Source/portable/GCC/ARM_CM4F/port.o
                0x08008b3c                vPortExitCritical
 .text.PendSV_Handler
                0x08008b90       0x68 ./Middlewares/Third_Party/FreeRTOS/Source/portable/GCC/ARM_CM4F/port.o
                0x08008b90                PendSV_Handler
 .text.xPortSysTickHandler
                0x08008bf8       0x44 ./Middlewares/Third_Party/FreeRTOS/Source/portable/GCC/ARM_CM4F/port.o
                0x08008bf8                xPortSysTickHandler
 .text.vPortSetupTimerInterrupt
                0x08008c3c       0x48 ./Middlewares/Third_Party/FreeRTOS/Source/portable/GCC/ARM_CM4F/port.o
                0x08008c3c                vPortSetupTimerInterrupt
 .text.vPortEnableVFP
                0x08008c84       0x14 ./Middlewares/Third_Party/FreeRTOS/Source/portable/GCC/ARM_CM4F/port.o
 .text.vPortValidateInterruptPriority
                0x08008c98       0x84 ./Middlewares/Third_Party/FreeRTOS/Source/portable/GCC/ARM_CM4F/port.o
                0x08008c98                vPortValidateInterruptPriority
 .text.pvPortMalloc
                0x08008d1c      0x19c ./Middlewares/Third_Party/FreeRTOS/Source/portable/MemMang/heap_4.o
                0x08008d1c                pvPortMalloc
 .text.vPortFree
                0x08008eb8       0xc8 ./Middlewares/Third_Party/FreeRTOS/Source/portable/MemMang/heap_4.o
                0x08008eb8                vPortFree
 .text.prvHeapInit
                0x08008f80       0xc4 ./Middlewares/Third_Party/FreeRTOS/Source/portable/MemMang/heap_4.o
 .text.prvInsertBlockIntoFreeList
                0x08009044       0xb4 ./Middlewares/Third_Party/FreeRTOS/Source/portable/MemMang/heap_4.o
 .text._cbSendSystemDesc
                0x080090f8       0x1c ./Middlewares/Third_Party/SEGGER/Config/SEGGER_SYSVIEW_Config_FreeRTOS.o
 .text.SEGGER_SYSVIEW_Conf
                0x08009114       0x2c ./Middlewares/Third_Party/SEGGER/Config/SEGGER_SYSVIEW_Config_FreeRTOS.o
                0x08009114                SEGGER_SYSVIEW_Conf
 .text._cbSendTaskList
                0x08009140       0xbc ./Middlewares/Third_Party/SEGGER/OS/SEGGER_SYSVIEW_FreeRTOS.o
 .text._cbGetTime
                0x080091fc       0x86 ./Middlewares/Third_Party/SEGGER/OS/SEGGER_SYSVIEW_FreeRTOS.o
 .text.SYSVIEW_SendTaskInfo
                0x08009282       0x42 ./Middlewares/Third_Party/SEGGER/OS/SEGGER_SYSVIEW_FreeRTOS.o
                0x08009282                SYSVIEW_SendTaskInfo
 .text.__NVIC_EnableIRQ
                0x080092c4       0x3c ./Middlewares/Third_Party/SEGGER/Rec/segger_uart.o
 .text.__NVIC_SetPriority
                0x08009300       0x54 ./Middlewares/Third_Party/SEGGER/Rec/segger_uart.o
 .text._StartSysView
                0x08009354       0x1e ./Middlewares/Third_Party/SEGGER/Rec/segger_uart.o
 *fill*         0x08009372        0x2 
 .text._cbOnUARTRx
                0x08009374       0x40 ./Middlewares/Third_Party/SEGGER/Rec/segger_uart.o
 .text._cbOnUARTTx
                0x080093b4       0x64 ./Middlewares/Third_Party/SEGGER/Rec/segger_uart.o
 .text.SEGGER_UART_init
                0x08009418       0x24 ./Middlewares/Third_Party/SEGGER/Rec/segger_uart.o
                0x08009418                SEGGER_UART_init
 .text.USART2_IRQHandler
                0x0800943c       0x94 ./Middlewares/Third_Party/SEGGER/Rec/segger_uart.o
                0x0800943c                USART2_IRQHandler
 .text.HIF_UART_EnableTXEInterrupt
                0x080094d0       0x20 ./Middlewares/Third_Party/SEGGER/Rec/segger_uart.o
                0x080094d0                HIF_UART_EnableTXEInterrupt
 .text.HIF_UART_Init
                0x080094f0       0xf4 ./Middlewares/Third_Party/SEGGER/Rec/segger_uart.o
                0x080094f0                HIF_UART_Init
 .text._DoInit  0x080095e4       0xb4 ./Middlewares/Third_Party/SEGGER/SEGGER/SEGGER_RTT.o
 .text._WriteBlocking
                0x08009698       0xba ./Middlewares/Third_Party/SEGGER/SEGGER/SEGGER_RTT.o
 .text._WriteNoCheck
                0x08009752       0x90 ./Middlewares/Third_Party/SEGGER/SEGGER/SEGGER_RTT.o
 .text._GetAvailWriteSpace
                0x080097e2       0x46 ./Middlewares/Third_Party/SEGGER/SEGGER/SEGGER_RTT.o
 .text.SEGGER_RTT_ReadUpBufferNoLock
                0x08009828      0x10c ./Middlewares/Third_Party/SEGGER/SEGGER/SEGGER_RTT.o
                0x08009828                SEGGER_RTT_ReadUpBufferNoLock
 .text.SEGGER_RTT_ReadNoLock
                0x08009934      0x10c ./Middlewares/Third_Party/SEGGER/SEGGER/SEGGER_RTT.o
                0x08009934                SEGGER_RTT_ReadNoLock
 .text.SEGGER_RTT_WriteDownBufferNoLock
                0x08009a40       0xa0 ./Middlewares/Third_Party/SEGGER/SEGGER/SEGGER_RTT.o
                0x08009a40                SEGGER_RTT_WriteDownBufferNoLock
 .text.SEGGER_RTT_WriteNoLock
                0x08009ae0       0xa0 ./Middlewares/Third_Party/SEGGER/SEGGER/SEGGER_RTT.o
                0x08009ae0                SEGGER_RTT_WriteNoLock
 .text.SEGGER_RTT_WriteDownBuffer
                0x08009b80       0x4c ./Middlewares/Third_Party/SEGGER/SEGGER/SEGGER_RTT.o
                0x08009b80                SEGGER_RTT_WriteDownBuffer
 .text.SEGGER_RTT_Write
                0x08009bcc       0x4c ./Middlewares/Third_Party/SEGGER/SEGGER/SEGGER_RTT.o
                0x08009bcc                SEGGER_RTT_Write
 .text.SEGGER_RTT_AllocUpBuffer
                0x08009c18      0x108 ./Middlewares/Third_Party/SEGGER/SEGGER/SEGGER_RTT.o
                0x08009c18                SEGGER_RTT_AllocUpBuffer
 .text.SEGGER_RTT_ConfigDownBuffer
                0x08009d20       0x98 ./Middlewares/Third_Party/SEGGER/SEGGER/SEGGER_RTT.o
                0x08009d20                SEGGER_RTT_ConfigDownBuffer
 .text._EncodeStr
                0x08009db8       0x60 ./Middlewares/Third_Party/SEGGER/SEGGER/SEGGER_SYSVIEW.o
 .text._PreparePacket
                0x08009e18       0x18 ./Middlewares/Third_Party/SEGGER/SEGGER/SEGGER_SYSVIEW.o
 .text._HandleIncomingPacket
                0x08009e30       0xdc ./Middlewares/Third_Party/SEGGER/SEGGER/SEGGER_SYSVIEW.o
 .text._TrySendOverflowPacket
                0x08009f0c       0xe8 ./Middlewares/Third_Party/SEGGER/SEGGER/SEGGER_SYSVIEW.o
 .text._SendPacket
                0x08009ff4      0x2e0 ./Middlewares/Third_Party/SEGGER/SEGGER/SEGGER_SYSVIEW.o
 .text.SEGGER_SYSVIEW_Init
                0x0800a2d4       0x88 ./Middlewares/Third_Party/SEGGER/SEGGER/SEGGER_SYSVIEW.o
                0x0800a2d4                SEGGER_SYSVIEW_Init
 .text.SEGGER_SYSVIEW_SetRAMBase
                0x0800a35c       0x20 ./Middlewares/Third_Party/SEGGER/SEGGER/SEGGER_SYSVIEW.o
                0x0800a35c                SEGGER_SYSVIEW_SetRAMBase
 .text.SEGGER_SYSVIEW_RecordVoid
                0x0800a37c       0x3c ./Middlewares/Third_Party/SEGGER/SEGGER/SEGGER_SYSVIEW.o
                0x0800a37c                SEGGER_SYSVIEW_RecordVoid
 .text.SEGGER_SYSVIEW_RecordU32
                0x0800a3b8       0x78 ./Middlewares/Third_Party/SEGGER/SEGGER/SEGGER_SYSVIEW.o
                0x0800a3b8                SEGGER_SYSVIEW_RecordU32
 .text.SEGGER_SYSVIEW_RecordU32x2
                0x0800a430       0xb4 ./Middlewares/Third_Party/SEGGER/SEGGER/SEGGER_SYSVIEW.o
                0x0800a430                SEGGER_SYSVIEW_RecordU32x2
 .text.SEGGER_SYSVIEW_Start
                0x0800a4e4      0x178 ./Middlewares/Third_Party/SEGGER/SEGGER/SEGGER_SYSVIEW.o
                0x0800a4e4                SEGGER_SYSVIEW_Start
 .text.SEGGER_SYSVIEW_Stop
                0x0800a65c       0x4c ./Middlewares/Third_Party/SEGGER/SEGGER/SEGGER_SYSVIEW.o
                0x0800a65c                SEGGER_SYSVIEW_Stop
 .text.SEGGER_SYSVIEW_GetSysDesc
                0x0800a6a8      0x134 ./Middlewares/Third_Party/SEGGER/SEGGER/SEGGER_SYSVIEW.o
                0x0800a6a8                SEGGER_SYSVIEW_GetSysDesc
 .text.SEGGER_SYSVIEW_SendTaskInfo
                0x0800a7dc      0x1c8 ./Middlewares/Third_Party/SEGGER/SEGGER/SEGGER_SYSVIEW.o
                0x0800a7dc                SEGGER_SYSVIEW_SendTaskInfo
 .text.SEGGER_SYSVIEW_SendTaskList
                0x0800a9a4       0x28 ./Middlewares/Third_Party/SEGGER/SEGGER/SEGGER_SYSVIEW.o
                0x0800a9a4                SEGGER_SYSVIEW_SendTaskList
 .text.SEGGER_SYSVIEW_SendSysDesc
                0x0800a9cc       0x48 ./Middlewares/Third_Party/SEGGER/SEGGER/SEGGER_SYSVIEW.o
                0x0800a9cc                SEGGER_SYSVIEW_SendSysDesc
 .text.SEGGER_SYSVIEW_RecordSystime
                0x0800aa14       0x64 ./Middlewares/Third_Party/SEGGER/SEGGER/SEGGER_SYSVIEW.o
                0x0800aa14                SEGGER_SYSVIEW_RecordSystime
 .text.SEGGER_SYSVIEW_SendModule
                0x0800aa78      0x114 ./Middlewares/Third_Party/SEGGER/SEGGER/SEGGER_SYSVIEW.o
                0x0800aa78                SEGGER_SYSVIEW_SendModule
 .text.SEGGER_SYSVIEW_SendModuleDescription
                0x0800ab8c       0x3c ./Middlewares/Third_Party/SEGGER/SEGGER/SEGGER_SYSVIEW.o
                0x0800ab8c                SEGGER_SYSVIEW_SendModuleDescription
 .text.SEGGER_SYSVIEW_SendNumModules
                0x0800abc8       0x7c ./Middlewares/Third_Party/SEGGER/SEGGER/SEGGER_SYSVIEW.o
                0x0800abc8                SEGGER_SYSVIEW_SendNumModules
 .text.SEGGER_SYSVIEW_IsStarted
                0x0800ac44       0x5c ./Middlewares/Third_Party/SEGGER/SEGGER/SEGGER_SYSVIEW.o
                0x0800ac44                SEGGER_SYSVIEW_IsStarted
 .text._write_r
                0x0800aca0       0x22 ./Middlewares/Third_Party/SEGGER/SEGGER/Syscalls/SEGGER_RTT_Syscalls_GCC.o
                0x0800aca0                _write_r
 .text.__cvt    0x0800acc2       0xca C:/my app/STM32CubeIDE_1.16.0/STM32CubeIDE/plugins/com.st.stm32cube.ide.mcu.externaltools.gnu-tools-for-stm32.12.3.rel1.win32_1.0.200.202406191623/tools/bin/../lib/gcc/arm-none-eabi/12.3.1/../../../../arm-none-eabi/lib/thumb/v7e-m+fp/hard\libc_nano.a(libc_a-nano-vfprintf_float.o)
                0x0800acc2                __cvt
 .text.__exponent
                0x0800ad8c       0x74 C:/my app/STM32CubeIDE_1.16.0/STM32CubeIDE/plugins/com.st.stm32cube.ide.mcu.externaltools.gnu-tools-for-stm32.12.3.rel1.win32_1.0.200.202406191623/tools/bin/../lib/gcc/arm-none-eabi/12.3.1/../../../../arm-none-eabi/lib/thumb/v7e-m+fp/hard\libc_nano.a(libc_a-nano-vfprintf_float.o)
                0x0800ad8c                __exponent
 .text._printf_float
                0x0800ae00      0x454 C:/my app/STM32CubeIDE_1.16.0/STM32CubeIDE/plugins/com.st.stm32cube.ide.mcu.externaltools.gnu-tools-for-stm32.12.3.rel1.win32_1.0.200.202406191623/tools/bin/../lib/gcc/arm-none-eabi/12.3.1/../../../../arm-none-eabi/lib/thumb/v7e-m+fp/hard\libc_nano.a(libc_a-nano-vfprintf_float.o)
                0x0800ae00                _printf_float
 .text._printf_common
                0x0800b254       0xda C:/my app/STM32CubeIDE_1.16.0/STM32CubeIDE/plugins/com.st.stm32cube.ide.mcu.externaltools.gnu-tools-for-stm32.12.3.rel1.win32_1.0.200.202406191623/tools/bin/../lib/gcc/arm-none-eabi/12.3.1/../../../../arm-none-eabi/lib/thumb/v7e-m+fp/hard\libc_nano.a(libc_a-nano-vfprintf_i.o)
                0x0800b254                _printf_common
 *fill*         0x0800b32e        0x2 
 .text._printf_i
                0x0800b330      0x240 C:/my app/STM32CubeIDE_1.16.0/STM32CubeIDE/plugins/com.st.stm32cube.ide.mcu.externaltools.gnu-tools-for-stm32.12.3.rel1.win32_1.0.200.202406191623/tools/bin/../lib/gcc/arm-none-eabi/12.3.1/../../../../arm-none-eabi/lib/thumb/v7e-m+fp/hard\libc_nano.a(libc_a-nano-vfprintf_i.o)
                0x0800b330                _printf_i
 .text.std      0x0800b570       0x6c C:/my app/STM32CubeIDE_1.16.0/STM32CubeIDE/plugins/com.st.stm32cube.ide.mcu.externaltools.gnu-tools-for-stm32.12.3.rel1.win32_1.0.200.202406191623/tools/bin/../lib/gcc/arm-none-eabi/12.3.1/../../../../arm-none-eabi/lib/thumb/v7e-m+fp/hard\libc_nano.a(libc_a-findfp.o)
 .text.stdio_exit_handler
                0x0800b5dc       0x18 C:/my app/STM32CubeIDE_1.16.0/STM32CubeIDE/plugins/com.st.stm32cube.ide.mcu.externaltools.gnu-tools-for-stm32.12.3.rel1.win32_1.0.200.202406191623/tools/bin/../lib/gcc/arm-none-eabi/12.3.1/../../../../arm-none-eabi/lib/thumb/v7e-m+fp/hard\libc_nano.a(libc_a-findfp.o)
 .text.cleanup_stdio
                0x0800b5f4       0x40 C:/my app/STM32CubeIDE_1.16.0/STM32CubeIDE/plugins/com.st.stm32cube.ide.mcu.externaltools.gnu-tools-for-stm32.12.3.rel1.win32_1.0.200.202406191623/tools/bin/../lib/gcc/arm-none-eabi/12.3.1/../../../../arm-none-eabi/lib/thumb/v7e-m+fp/hard\libc_nano.a(libc_a-findfp.o)
 .text.global_stdio_init.part.0
                0x0800b634       0x3c C:/my app/STM32CubeIDE_1.16.0/STM32CubeIDE/plugins/com.st.stm32cube.ide.mcu.externaltools.gnu-tools-for-stm32.12.3.rel1.win32_1.0.200.202406191623/tools/bin/../lib/gcc/arm-none-eabi/12.3.1/../../../../arm-none-eabi/lib/thumb/v7e-m+fp/hard\libc_nano.a(libc_a-findfp.o)
 .text.__sfp_lock_acquire
                0x0800b670        0xc C:/my app/STM32CubeIDE_1.16.0/STM32CubeIDE/plugins/com.st.stm32cube.ide.mcu.externaltools.gnu-tools-for-stm32.12.3.rel1.win32_1.0.200.202406191623/tools/bin/../lib/gcc/arm-none-eabi/12.3.1/../../../../arm-none-eabi/lib/thumb/v7e-m+fp/hard\libc_nano.a(libc_a-findfp.o)
                0x0800b670                __sfp_lock_acquire
 .text.__sfp_lock_release
                0x0800b67c        0xc C:/my app/STM32CubeIDE_1.16.0/STM32CubeIDE/plugins/com.st.stm32cube.ide.mcu.externaltools.gnu-tools-for-stm32.12.3.rel1.win32_1.0.200.202406191623/tools/bin/../lib/gcc/arm-none-eabi/12.3.1/../../../../arm-none-eabi/lib/thumb/v7e-m+fp/hard\libc_nano.a(libc_a-findfp.o)
                0x0800b67c                __sfp_lock_release
 .text.__sinit  0x0800b688       0x30 C:/my app/STM32CubeIDE_1.16.0/STM32CubeIDE/plugins/com.st.stm32cube.ide.mcu.externaltools.gnu-tools-for-stm32.12.3.rel1.win32_1.0.200.202406191623/tools/bin/../lib/gcc/arm-none-eabi/12.3.1/../../../../arm-none-eabi/lib/thumb/v7e-m+fp/hard\libc_nano.a(libc_a-findfp.o)
                0x0800b688                __sinit
 .text._fwalk_sglue
                0x0800b6b8       0x3c C:/my app/STM32CubeIDE_1.16.0/STM32CubeIDE/plugins/com.st.stm32cube.ide.mcu.externaltools.gnu-tools-for-stm32.12.3.rel1.win32_1.0.200.202406191623/tools/bin/../lib/gcc/arm-none-eabi/12.3.1/../../../../arm-none-eabi/lib/thumb/v7e-m+fp/hard\libc_nano.a(libc_a-fwalk.o)
                0x0800b6b8                _fwalk_sglue
 .text._puts_r  0x0800b6f4       0xaa C:/my app/STM32CubeIDE_1.16.0/STM32CubeIDE/plugins/com.st.stm32cube.ide.mcu.externaltools.gnu-tools-for-stm32.12.3.rel1.win32_1.0.200.202406191623/tools/bin/../lib/gcc/arm-none-eabi/12.3.1/../../../../arm-none-eabi/lib/thumb/v7e-m+fp/hard\libc_nano.a(libc_a-puts.o)
                0x0800b6f4                _puts_r
 *fill*         0x0800b79e        0x2 
 .text.puts     0x0800b7a0       0x10 C:/my app/STM32CubeIDE_1.16.0/STM32CubeIDE/plugins/com.st.stm32cube.ide.mcu.externaltools.gnu-tools-for-stm32.12.3.rel1.win32_1.0.200.202406191623/tools/bin/../lib/gcc/arm-none-eabi/12.3.1/../../../../arm-none-eabi/lib/thumb/v7e-m+fp/hard\libc_nano.a(libc_a-puts.o)
                0x0800b7a0                puts
 .text.sprintf  0x0800b7b0       0x40 C:/my app/STM32CubeIDE_1.16.0/STM32CubeIDE/plugins/com.st.stm32cube.ide.mcu.externaltools.gnu-tools-for-stm32.12.3.rel1.win32_1.0.200.202406191623/tools/bin/../lib/gcc/arm-none-eabi/12.3.1/../../../../arm-none-eabi/lib/thumb/v7e-m+fp/hard\libc_nano.a(libc_a-sprintf.o)
                0x0800b7b0                siprintf
                0x0800b7b0                sprintf
 .text.__sread  0x0800b7f0       0x22 C:/my app/STM32CubeIDE_1.16.0/STM32CubeIDE/plugins/com.st.stm32cube.ide.mcu.externaltools.gnu-tools-for-stm32.12.3.rel1.win32_1.0.200.202406191623/tools/bin/../lib/gcc/arm-none-eabi/12.3.1/../../../../arm-none-eabi/lib/thumb/v7e-m+fp/hard\libc_nano.a(libc_a-stdio.o)
                0x0800b7f0                __sread
 .text.__swrite
                0x0800b812       0x38 C:/my app/STM32CubeIDE_1.16.0/STM32CubeIDE/plugins/com.st.stm32cube.ide.mcu.externaltools.gnu-tools-for-stm32.12.3.rel1.win32_1.0.200.202406191623/tools/bin/../lib/gcc/arm-none-eabi/12.3.1/../../../../arm-none-eabi/lib/thumb/v7e-m+fp/hard\libc_nano.a(libc_a-stdio.o)
                0x0800b812                __swrite
 .text.__sseek  0x0800b84a       0x24 C:/my app/STM32CubeIDE_1.16.0/STM32CubeIDE/plugins/com.st.stm32cube.ide.mcu.externaltools.gnu-tools-for-stm32.12.3.rel1.win32_1.0.200.202406191623/tools/bin/../lib/gcc/arm-none-eabi/12.3.1/../../../../arm-none-eabi/lib/thumb/v7e-m+fp/hard\libc_nano.a(libc_a-stdio.o)
                0x0800b84a                __sseek
 .text.__sclose
                0x0800b86e        0x8 C:/my app/STM32CubeIDE_1.16.0/STM32CubeIDE/plugins/com.st.stm32cube.ide.mcu.externaltools.gnu-tools-for-stm32.12.3.rel1.win32_1.0.200.202406191623/tools/bin/../lib/gcc/arm-none-eabi/12.3.1/../../../../arm-none-eabi/lib/thumb/v7e-m+fp/hard\libc_nano.a(libc_a-stdio.o)
                0x0800b86e                __sclose
 .text._vsnprintf_r
                0x0800b876       0x56 C:/my app/STM32CubeIDE_1.16.0/STM32CubeIDE/plugins/com.st.stm32cube.ide.mcu.externaltools.gnu-tools-for-stm32.12.3.rel1.win32_1.0.200.202406191623/tools/bin/../lib/gcc/arm-none-eabi/12.3.1/../../../../arm-none-eabi/lib/thumb/v7e-m+fp/hard\libc_nano.a(libc_a-vsnprintf.o)
                0x0800b876                _vsniprintf_r
                0x0800b876                _vsnprintf_r
 .text.vsnprintf
                0x0800b8cc       0x1c C:/my app/STM32CubeIDE_1.16.0/STM32CubeIDE/plugins/com.st.stm32cube.ide.mcu.externaltools.gnu-tools-for-stm32.12.3.rel1.win32_1.0.200.202406191623/tools/bin/../lib/gcc/arm-none-eabi/12.3.1/../../../../arm-none-eabi/lib/thumb/v7e-m+fp/hard\libc_nano.a(libc_a-vsnprintf.o)
                0x0800b8cc                vsniprintf
                0x0800b8cc                vsnprintf
 .text.__swbuf_r
                0x0800b8e8       0x7c C:/my app/STM32CubeIDE_1.16.0/STM32CubeIDE/plugins/com.st.stm32cube.ide.mcu.externaltools.gnu-tools-for-stm32.12.3.rel1.win32_1.0.200.202406191623/tools/bin/../lib/gcc/arm-none-eabi/12.3.1/../../../../arm-none-eabi/lib/thumb/v7e-m+fp/hard\libc_nano.a(libc_a-wbuf.o)
                0x0800b8e8                __swbuf_r
 .text.__swsetup_r
                0x0800b964       0xac C:/my app/STM32CubeIDE_1.16.0/STM32CubeIDE/plugins/com.st.stm32cube.ide.mcu.externaltools.gnu-tools-for-stm32.12.3.rel1.win32_1.0.200.202406191623/tools/bin/../lib/gcc/arm-none-eabi/12.3.1/../../../../arm-none-eabi/lib/thumb/v7e-m+fp/hard\libc_nano.a(libc_a-wsetup.o)
                0x0800b964                __swsetup_r
 .text.memset   0x0800ba10       0x10 C:/my app/STM32CubeIDE_1.16.0/STM32CubeIDE/plugins/com.st.stm32cube.ide.mcu.externaltools.gnu-tools-for-stm32.12.3.rel1.win32_1.0.200.202406191623/tools/bin/../lib/gcc/arm-none-eabi/12.3.1/../../../../arm-none-eabi/lib/thumb/v7e-m+fp/hard\libc_nano.a(libc_a-memset.o)
                0x0800ba10                memset
 .text._localeconv_r
                0x0800ba20        0x8 C:/my app/STM32CubeIDE_1.16.0/STM32CubeIDE/plugins/com.st.stm32cube.ide.mcu.externaltools.gnu-tools-for-stm32.12.3.rel1.win32_1.0.200.202406191623/tools/bin/../lib/gcc/arm-none-eabi/12.3.1/../../../../arm-none-eabi/lib/thumb/v7e-m+fp/hard\libc_nano.a(libc_a-localeconv.o)
                0x0800ba20                _localeconv_r
 .text._close_r
                0x0800ba28       0x20 C:/my app/STM32CubeIDE_1.16.0/STM32CubeIDE/plugins/com.st.stm32cube.ide.mcu.externaltools.gnu-tools-for-stm32.12.3.rel1.win32_1.0.200.202406191623/tools/bin/../lib/gcc/arm-none-eabi/12.3.1/../../../../arm-none-eabi/lib/thumb/v7e-m+fp/hard\libc_nano.a(libc_a-closer.o)
                0x0800ba28                _close_r
 .text._lseek_r
                0x0800ba48       0x24 C:/my app/STM32CubeIDE_1.16.0/STM32CubeIDE/plugins/com.st.stm32cube.ide.mcu.externaltools.gnu-tools-for-stm32.12.3.rel1.win32_1.0.200.202406191623/tools/bin/../lib/gcc/arm-none-eabi/12.3.1/../../../../arm-none-eabi/lib/thumb/v7e-m+fp/hard\libc_nano.a(libc_a-lseekr.o)
                0x0800ba48                _lseek_r
 .text._read_r  0x0800ba6c       0x24 C:/my app/STM32CubeIDE_1.16.0/STM32CubeIDE/plugins/com.st.stm32cube.ide.mcu.externaltools.gnu-tools-for-stm32.12.3.rel1.win32_1.0.200.202406191623/tools/bin/../lib/gcc/arm-none-eabi/12.3.1/../../../../arm-none-eabi/lib/thumb/v7e-m+fp/hard\libc_nano.a(libc_a-readr.o)
                0x0800ba6c                _read_r
 .text.__errno  0x0800ba90        0xc C:/my app/STM32CubeIDE_1.16.0/STM32CubeIDE/plugins/com.st.stm32cube.ide.mcu.externaltools.gnu-tools-for-stm32.12.3.rel1.win32_1.0.200.202406191623/tools/bin/../lib/gcc/arm-none-eabi/12.3.1/../../../../arm-none-eabi/lib/thumb/v7e-m+fp/hard\libc_nano.a(libc_a-errno.o)
                0x0800ba90                __errno
 .text.__libc_init_array
                0x0800ba9c       0x48 C:/my app/STM32CubeIDE_1.16.0/STM32CubeIDE/plugins/com.st.stm32cube.ide.mcu.externaltools.gnu-tools-for-stm32.12.3.rel1.win32_1.0.200.202406191623/tools/bin/../lib/gcc/arm-none-eabi/12.3.1/../../../../arm-none-eabi/lib/thumb/v7e-m+fp/hard\libc_nano.a(libc_a-init.o)
                0x0800ba9c                __libc_init_array
 .text.__retarget_lock_init_recursive
                0x0800bae4        0x2 C:/my app/STM32CubeIDE_1.16.0/STM32CubeIDE/plugins/com.st.stm32cube.ide.mcu.externaltools.gnu-tools-for-stm32.12.3.rel1.win32_1.0.200.202406191623/tools/bin/../lib/gcc/arm-none-eabi/12.3.1/../../../../arm-none-eabi/lib/thumb/v7e-m+fp/hard\libc_nano.a(libc_a-lock.o)
                0x0800bae4                __retarget_lock_init_recursive
 .text.__retarget_lock_acquire_recursive
                0x0800bae6        0x2 C:/my app/STM32CubeIDE_1.16.0/STM32CubeIDE/plugins/com.st.stm32cube.ide.mcu.externaltools.gnu-tools-for-stm32.12.3.rel1.win32_1.0.200.202406191623/tools/bin/../lib/gcc/arm-none-eabi/12.3.1/../../../../arm-none-eabi/lib/thumb/v7e-m+fp/hard\libc_nano.a(libc_a-lock.o)
                0x0800bae6                __retarget_lock_acquire_recursive
 .text.__retarget_lock_release_recursive
                0x0800bae8        0x2 C:/my app/STM32CubeIDE_1.16.0/STM32CubeIDE/plugins/com.st.stm32cube.ide.mcu.externaltools.gnu-tools-for-stm32.12.3.rel1.win32_1.0.200.202406191623/tools/bin/../lib/gcc/arm-none-eabi/12.3.1/../../../../arm-none-eabi/lib/thumb/v7e-m+fp/hard\libc_nano.a(libc_a-lock.o)
                0x0800bae8                __retarget_lock_release_recursive
 .text.memcpy   0x0800baea       0x1c C:/my app/STM32CubeIDE_1.16.0/STM32CubeIDE/plugins/com.st.stm32cube.ide.mcu.externaltools.gnu-tools-for-stm32.12.3.rel1.win32_1.0.200.202406191623/tools/bin/../lib/gcc/arm-none-eabi/12.3.1/../../../../arm-none-eabi/lib/thumb/v7e-m+fp/hard\libc_nano.a(libc_a-memcpy-stub.o)
                0x0800baea                memcpy
 *fill*         0x0800bb06        0x2 
 .text.__assert_func
                0x0800bb08       0x3c C:/my app/STM32CubeIDE_1.16.0/STM32CubeIDE/plugins/com.st.stm32cube.ide.mcu.externaltools.gnu-tools-for-stm32.12.3.rel1.win32_1.0.200.202406191623/tools/bin/../lib/gcc/arm-none-eabi/12.3.1/../../../../arm-none-eabi/lib/thumb/v7e-m+fp/hard\libc_nano.a(libc_a-assert.o)
                0x0800bb08                __assert_func
 .text.quorem   0x0800bb44      0x110 C:/my app/STM32CubeIDE_1.16.0/STM32CubeIDE/plugins/com.st.stm32cube.ide.mcu.externaltools.gnu-tools-for-stm32.12.3.rel1.win32_1.0.200.202406191623/tools/bin/../lib/gcc/arm-none-eabi/12.3.1/../../../../arm-none-eabi/lib/thumb/v7e-m+fp/hard\libc_nano.a(libc_a-dtoa.o)
 *fill*         0x0800bc54        0x4 
 .text._dtoa_r  0x0800bc58      0xb88 C:/my app/STM32CubeIDE_1.16.0/STM32CubeIDE/plugins/com.st.stm32cube.ide.mcu.externaltools.gnu-tools-for-stm32.12.3.rel1.win32_1.0.200.202406191623/tools/bin/../lib/gcc/arm-none-eabi/12.3.1/../../../../arm-none-eabi/lib/thumb/v7e-m+fp/hard\libc_nano.a(libc_a-dtoa.o)
                0x0800bc58                _dtoa_r
 .text._free_r  0x0800c7e0       0x94 C:/my app/STM32CubeIDE_1.16.0/STM32CubeIDE/plugins/com.st.stm32cube.ide.mcu.externaltools.gnu-tools-for-stm32.12.3.rel1.win32_1.0.200.202406191623/tools/bin/../lib/gcc/arm-none-eabi/12.3.1/../../../../arm-none-eabi/lib/thumb/v7e-m+fp/hard\libc_nano.a(libc_a-freer.o)
                0x0800c7e0                _free_r
 .text.malloc   0x0800c874       0x10 C:/my app/STM32CubeIDE_1.16.0/STM32CubeIDE/plugins/com.st.stm32cube.ide.mcu.externaltools.gnu-tools-for-stm32.12.3.rel1.win32_1.0.200.202406191623/tools/bin/../lib/gcc/arm-none-eabi/12.3.1/../../../../arm-none-eabi/lib/thumb/v7e-m+fp/hard\libc_nano.a(libc_a-malloc.o)
                0x0800c874                malloc
 .text.sbrk_aligned
                0x0800c884       0x44 C:/my app/STM32CubeIDE_1.16.0/STM32CubeIDE/plugins/com.st.stm32cube.ide.mcu.externaltools.gnu-tools-for-stm32.12.3.rel1.win32_1.0.200.202406191623/tools/bin/../lib/gcc/arm-none-eabi/12.3.1/../../../../arm-none-eabi/lib/thumb/v7e-m+fp/hard\libc_nano.a(libc_a-mallocr.o)
 .text._malloc_r
                0x0800c8c8      0x100 C:/my app/STM32CubeIDE_1.16.0/STM32CubeIDE/plugins/com.st.stm32cube.ide.mcu.externaltools.gnu-tools-for-stm32.12.3.rel1.win32_1.0.200.202406191623/tools/bin/../lib/gcc/arm-none-eabi/12.3.1/../../../../arm-none-eabi/lib/thumb/v7e-m+fp/hard\libc_nano.a(libc_a-mallocr.o)
                0x0800c8c8                _malloc_r
 .text.__malloc_lock
                0x0800c9c8        0xc C:/my app/STM32CubeIDE_1.16.0/STM32CubeIDE/plugins/com.st.stm32cube.ide.mcu.externaltools.gnu-tools-for-stm32.12.3.rel1.win32_1.0.200.202406191623/tools/bin/../lib/gcc/arm-none-eabi/12.3.1/../../../../arm-none-eabi/lib/thumb/v7e-m+fp/hard\libc_nano.a(libc_a-mlock.o)
                0x0800c9c8                __malloc_lock
 .text.__malloc_unlock
                0x0800c9d4        0xc C:/my app/STM32CubeIDE_1.16.0/STM32CubeIDE/plugins/com.st.stm32cube.ide.mcu.externaltools.gnu-tools-for-stm32.12.3.rel1.win32_1.0.200.202406191623/tools/bin/../lib/gcc/arm-none-eabi/12.3.1/../../../../arm-none-eabi/lib/thumb/v7e-m+fp/hard\libc_nano.a(libc_a-mlock.o)
                0x0800c9d4                __malloc_unlock
 .text._Balloc  0x0800c9e0       0x80 C:/my app/STM32CubeIDE_1.16.0/STM32CubeIDE/plugins/com.st.stm32cube.ide.mcu.externaltools.gnu-tools-for-stm32.12.3.rel1.win32_1.0.200.202406191623/tools/bin/../lib/gcc/arm-none-eabi/12.3.1/../../../../arm-none-eabi/lib/thumb/v7e-m+fp/hard\libc_nano.a(libc_a-mprec.o)
                0x0800c9e0                _Balloc
 .text._Bfree   0x0800ca60       0x44 C:/my app/STM32CubeIDE_1.16.0/STM32CubeIDE/plugins/com.st.stm32cube.ide.mcu.externaltools.gnu-tools-for-stm32.12.3.rel1.win32_1.0.200.202406191623/tools/bin/../lib/gcc/arm-none-eabi/12.3.1/../../../../arm-none-eabi/lib/thumb/v7e-m+fp/hard\libc_nano.a(libc_a-mprec.o)
                0x0800ca60                _Bfree
 .text.__multadd
                0x0800caa4       0x8c C:/my app/STM32CubeIDE_1.16.0/STM32CubeIDE/plugins/com.st.stm32cube.ide.mcu.externaltools.gnu-tools-for-stm32.12.3.rel1.win32_1.0.200.202406191623/tools/bin/../lib/gcc/arm-none-eabi/12.3.1/../../../../arm-none-eabi/lib/thumb/v7e-m+fp/hard\libc_nano.a(libc_a-mprec.o)
                0x0800caa4                __multadd
 .text.__hi0bits
                0x0800cb30       0x3e C:/my app/STM32CubeIDE_1.16.0/STM32CubeIDE/plugins/com.st.stm32cube.ide.mcu.externaltools.gnu-tools-for-stm32.12.3.rel1.win32_1.0.200.202406191623/tools/bin/../lib/gcc/arm-none-eabi/12.3.1/../../../../arm-none-eabi/lib/thumb/v7e-m+fp/hard\libc_nano.a(libc_a-mprec.o)
                0x0800cb30                __hi0bits
 .text.__lo0bits
                0x0800cb6e       0x5a C:/my app/STM32CubeIDE_1.16.0/STM32CubeIDE/plugins/com.st.stm32cube.ide.mcu.externaltools.gnu-tools-for-stm32.12.3.rel1.win32_1.0.200.202406191623/tools/bin/../lib/gcc/arm-none-eabi/12.3.1/../../../../arm-none-eabi/lib/thumb/v7e-m+fp/hard\libc_nano.a(libc_a-mprec.o)
                0x0800cb6e                __lo0bits
 .text.__i2b    0x0800cbc8       0x2c C:/my app/STM32CubeIDE_1.16.0/STM32CubeIDE/plugins/com.st.stm32cube.ide.mcu.externaltools.gnu-tools-for-stm32.12.3.rel1.win32_1.0.200.202406191623/tools/bin/../lib/gcc/arm-none-eabi/12.3.1/../../../../arm-none-eabi/lib/thumb/v7e-m+fp/hard\libc_nano.a(libc_a-mprec.o)
                0x0800cbc8                __i2b
 .text.__multiply
                0x0800cbf4      0x154 C:/my app/STM32CubeIDE_1.16.0/STM32CubeIDE/plugins/com.st.stm32cube.ide.mcu.externaltools.gnu-tools-for-stm32.12.3.rel1.win32_1.0.200.202406191623/tools/bin/../lib/gcc/arm-none-eabi/12.3.1/../../../../arm-none-eabi/lib/thumb/v7e-m+fp/hard\libc_nano.a(libc_a-mprec.o)
                0x0800cbf4                __multiply
 .text.__pow5mult
                0x0800cd48       0xb4 C:/my app/STM32CubeIDE_1.16.0/STM32CubeIDE/plugins/com.st.stm32cube.ide.mcu.externaltools.gnu-tools-for-stm32.12.3.rel1.win32_1.0.200.202406191623/tools/bin/../lib/gcc/arm-none-eabi/12.3.1/../../../../arm-none-eabi/lib/thumb/v7e-m+fp/hard\libc_nano.a(libc_a-mprec.o)
                0x0800cd48                __pow5mult
 .text.__lshift
                0x0800cdfc       0xd8 C:/my app/STM32CubeIDE_1.16.0/STM32CubeIDE/plugins/com.st.stm32cube.ide.mcu.externaltools.gnu-tools-for-stm32.12.3.rel1.win32_1.0.200.202406191623/tools/bin/../lib/gcc/arm-none-eabi/12.3.1/../../../../arm-none-eabi/lib/thumb/v7e-m+fp/hard\libc_nano.a(libc_a-mprec.o)
                0x0800cdfc                __lshift
 .text.__mcmp   0x0800ced4       0x36 C:/my app/STM32CubeIDE_1.16.0/STM32CubeIDE/plugins/com.st.stm32cube.ide.mcu.externaltools.gnu-tools-for-stm32.12.3.rel1.win32_1.0.200.202406191623/tools/bin/../lib/gcc/arm-none-eabi/12.3.1/../../../../arm-none-eabi/lib/thumb/v7e-m+fp/hard\libc_nano.a(libc_a-mprec.o)
                0x0800ced4                __mcmp
 *fill*         0x0800cf0a        0x2 
 .text.__mdiff  0x0800cf0c      0x128 C:/my app/STM32CubeIDE_1.16.0/STM32CubeIDE/plugins/com.st.stm32cube.ide.mcu.externaltools.gnu-tools-for-stm32.12.3.rel1.win32_1.0.200.202406191623/tools/bin/../lib/gcc/arm-none-eabi/12.3.1/../../../../arm-none-eabi/lib/thumb/v7e-m+fp/hard\libc_nano.a(libc_a-mprec.o)
                0x0800cf0c                __mdiff
 .text.__d2b    0x0800d034       0xb0 C:/my app/STM32CubeIDE_1.16.0/STM32CubeIDE/plugins/com.st.stm32cube.ide.mcu.externaltools.gnu-tools-for-stm32.12.3.rel1.win32_1.0.200.202406191623/tools/bin/../lib/gcc/arm-none-eabi/12.3.1/../../../../arm-none-eabi/lib/thumb/v7e-m+fp/hard\libc_nano.a(libc_a-mprec.o)
                0x0800d034                __d2b
 .text.__ssputs_r
                0x0800d0e4       0xb6 C:/my app/STM32CubeIDE_1.16.0/STM32CubeIDE/plugins/com.st.stm32cube.ide.mcu.externaltools.gnu-tools-for-stm32.12.3.rel1.win32_1.0.200.202406191623/tools/bin/../lib/gcc/arm-none-eabi/12.3.1/../../../../arm-none-eabi/lib/thumb/v7e-m+fp/hard\libc_nano.a(libc_a-nano-svfprintf.o)
                0x0800d0e4                __ssputs_r
 *fill*         0x0800d19a        0x2 
 .text._svfprintf_r
                0x0800d19c      0x1f8 C:/my app/STM32CubeIDE_1.16.0/STM32CubeIDE/plugins/com.st.stm32cube.ide.mcu.externaltools.gnu-tools-for-stm32.12.3.rel1.win32_1.0.200.202406191623/tools/bin/../lib/gcc/arm-none-eabi/12.3.1/../../../../arm-none-eabi/lib/thumb/v7e-m+fp/hard\libc_nano.a(libc_a-nano-svfprintf.o)
                0x0800d19c                _svfiprintf_r
                0x0800d19c                _svfprintf_r
 .text.__sflush_r
                0x0800d394      0x108 C:/my app/STM32CubeIDE_1.16.0/STM32CubeIDE/plugins/com.st.stm32cube.ide.mcu.externaltools.gnu-tools-for-stm32.12.3.rel1.win32_1.0.200.202406191623/tools/bin/../lib/gcc/arm-none-eabi/12.3.1/../../../../arm-none-eabi/lib/thumb/v7e-m+fp/hard\libc_nano.a(libc_a-fflush.o)
                0x0800d394                __sflush_r
 .text._fflush_r
                0x0800d49c       0x50 C:/my app/STM32CubeIDE_1.16.0/STM32CubeIDE/plugins/com.st.stm32cube.ide.mcu.externaltools.gnu-tools-for-stm32.12.3.rel1.win32_1.0.200.202406191623/tools/bin/../lib/gcc/arm-none-eabi/12.3.1/../../../../arm-none-eabi/lib/thumb/v7e-m+fp/hard\libc_nano.a(libc_a-fflush.o)
                0x0800d49c                _fflush_r
 .text.fprintf  0x0800d4ec       0x24 C:/my app/STM32CubeIDE_1.16.0/STM32CubeIDE/plugins/com.st.stm32cube.ide.mcu.externaltools.gnu-tools-for-stm32.12.3.rel1.win32_1.0.200.202406191623/tools/bin/../lib/gcc/arm-none-eabi/12.3.1/../../../../arm-none-eabi/lib/thumb/v7e-m+fp/hard\libc_nano.a(libc_a-fprintf.o)
                0x0800d4ec                fiprintf
                0x0800d4ec                fprintf
 .text.__swhatbuf_r
                0x0800d510       0x4c C:/my app/STM32CubeIDE_1.16.0/STM32CubeIDE/plugins/com.st.stm32cube.ide.mcu.externaltools.gnu-tools-for-stm32.12.3.rel1.win32_1.0.200.202406191623/tools/bin/../lib/gcc/arm-none-eabi/12.3.1/../../../../arm-none-eabi/lib/thumb/v7e-m+fp/hard\libc_nano.a(libc_a-makebuf.o)
                0x0800d510                __swhatbuf_r
 .text.__smakebuf_r
                0x0800d55c       0x78 C:/my app/STM32CubeIDE_1.16.0/STM32CubeIDE/plugins/com.st.stm32cube.ide.mcu.externaltools.gnu-tools-for-stm32.12.3.rel1.win32_1.0.200.202406191623/tools/bin/../lib/gcc/arm-none-eabi/12.3.1/../../../../arm-none-eabi/lib/thumb/v7e-m+fp/hard\libc_nano.a(libc_a-makebuf.o)
                0x0800d55c                __smakebuf_r
 .text.memmove  0x0800d5d4       0x34 C:/my app/STM32CubeIDE_1.16.0/STM32CubeIDE/plugins/com.st.stm32cube.ide.mcu.externaltools.gnu-tools-for-stm32.12.3.rel1.win32_1.0.200.202406191623/tools/bin/../lib/gcc/arm-none-eabi/12.3.1/../../../../arm-none-eabi/lib/thumb/v7e-m+fp/hard\libc_nano.a(libc_a-memmove.o)
                0x0800d5d4                memmove
 .text._fstat_r
                0x0800d608       0x24 C:/my app/STM32CubeIDE_1.16.0/STM32CubeIDE/plugins/com.st.stm32cube.ide.mcu.externaltools.gnu-tools-for-stm32.12.3.rel1.win32_1.0.200.202406191623/tools/bin/../lib/gcc/arm-none-eabi/12.3.1/../../../../arm-none-eabi/lib/thumb/v7e-m+fp/hard\libc_nano.a(libc_a-fstatr.o)
                0x0800d608                _fstat_r
 .text._isatty_r
                0x0800d62c       0x20 C:/my app/STM32CubeIDE_1.16.0/STM32CubeIDE/plugins/com.st.stm32cube.ide.mcu.externaltools.gnu-tools-for-stm32.12.3.rel1.win32_1.0.200.202406191623/tools/bin/../lib/gcc/arm-none-eabi/12.3.1/../../../../arm-none-eabi/lib/thumb/v7e-m+fp/hard\libc_nano.a(libc_a-isattyr.o)
                0x0800d62c                _isatty_r
 .text._sbrk_r  0x0800d64c       0x20 C:/my app/STM32CubeIDE_1.16.0/STM32CubeIDE/plugins/com.st.stm32cube.ide.mcu.externaltools.gnu-tools-for-stm32.12.3.rel1.win32_1.0.200.202406191623/tools/bin/../lib/gcc/arm-none-eabi/12.3.1/../../../../arm-none-eabi/lib/thumb/v7e-m+fp/hard\libc_nano.a(libc_a-sbrkr.o)
                0x0800d64c                _sbrk_r
 .text.abort    0x0800d66c        0xe C:/my app/STM32CubeIDE_1.16.0/STM32CubeIDE/plugins/com.st.stm32cube.ide.mcu.externaltools.gnu-tools-for-stm32.12.3.rel1.win32_1.0.200.202406191623/tools/bin/../lib/gcc/arm-none-eabi/12.3.1/../../../../arm-none-eabi/lib/thumb/v7e-m+fp/hard\libc_nano.a(libc_a-abort.o)
                0x0800d66c                abort
 .text._calloc_r
                0x0800d67a       0x28 C:/my app/STM32CubeIDE_1.16.0/STM32CubeIDE/plugins/com.st.stm32cube.ide.mcu.externaltools.gnu-tools-for-stm32.12.3.rel1.win32_1.0.200.202406191623/tools/bin/../lib/gcc/arm-none-eabi/12.3.1/../../../../arm-none-eabi/lib/thumb/v7e-m+fp/hard\libc_nano.a(libc_a-callocr.o)
                0x0800d67a                _calloc_r
 .text.__ascii_mbtowc
                0x0800d6a2       0x24 C:/my app/STM32CubeIDE_1.16.0/STM32CubeIDE/plugins/com.st.stm32cube.ide.mcu.externaltools.gnu-tools-for-stm32.12.3.rel1.win32_1.0.200.202406191623/tools/bin/../lib/gcc/arm-none-eabi/12.3.1/../../../../arm-none-eabi/lib/thumb/v7e-m+fp/hard\libc_nano.a(libc_a-mbtowc_r.o)
                0x0800d6a2                __ascii_mbtowc
 .text._realloc_r
                0x0800d6c6       0x5c C:/my app/STM32CubeIDE_1.16.0/STM32CubeIDE/plugins/com.st.stm32cube.ide.mcu.externaltools.gnu-tools-for-stm32.12.3.rel1.win32_1.0.200.202406191623/tools/bin/../lib/gcc/arm-none-eabi/12.3.1/../../../../arm-none-eabi/lib/thumb/v7e-m+fp/hard\libc_nano.a(libc_a-reallocr.o)
                0x0800d6c6                _realloc_r
 .text.__ascii_wctomb
                0x0800d722       0x1a C:/my app/STM32CubeIDE_1.16.0/STM32CubeIDE/plugins/com.st.stm32cube.ide.mcu.externaltools.gnu-tools-for-stm32.12.3.rel1.win32_1.0.200.202406191623/tools/bin/../lib/gcc/arm-none-eabi/12.3.1/../../../../arm-none-eabi/lib/thumb/v7e-m+fp/hard\libc_nano.a(libc_a-wctomb_r.o)
                0x0800d722                __ascii_wctomb
 .text.__sfputc_r
                0x0800d73c       0x2e C:/my app/STM32CubeIDE_1.16.0/STM32CubeIDE/plugins/com.st.stm32cube.ide.mcu.externaltools.gnu-tools-for-stm32.12.3.rel1.win32_1.0.200.202406191623/tools/bin/../lib/gcc/arm-none-eabi/12.3.1/../../../../arm-none-eabi/lib/thumb/v7e-m+fp/hard\libc_nano.a(libc_a-nano-vfprintf.o)
 .text.__sfputs_r
                0x0800d76a       0x24 C:/my app/STM32CubeIDE_1.16.0/STM32CubeIDE/plugins/com.st.stm32cube.ide.mcu.externaltools.gnu-tools-for-stm32.12.3.rel1.win32_1.0.200.202406191623/tools/bin/../lib/gcc/arm-none-eabi/12.3.1/../../../../arm-none-eabi/lib/thumb/v7e-m+fp/hard\libc_nano.a(libc_a-nano-vfprintf.o)
                0x0800d76a                __sfputs_r
 *fill*         0x0800d78e        0x2 
 .text._vfprintf_r
                0x0800d790      0x230 C:/my app/STM32CubeIDE_1.16.0/STM32CubeIDE/plugins/com.st.stm32cube.ide.mcu.externaltools.gnu-tools-for-stm32.12.3.rel1.win32_1.0.200.202406191623/tools/bin/../lib/gcc/arm-none-eabi/12.3.1/../../../../arm-none-eabi/lib/thumb/v7e-m+fp/hard\libc_nano.a(libc_a-nano-vfprintf.o)
                0x0800d790                _vfprintf_r
                0x0800d790                _vfiprintf_r
 .text._raise_r
                0x0800d9c0       0x50 C:/my app/STM32CubeIDE_1.16.0/STM32CubeIDE/plugins/com.st.stm32cube.ide.mcu.externaltools.gnu-tools-for-stm32.12.3.rel1.win32_1.0.200.202406191623/tools/bin/../lib/gcc/arm-none-eabi/12.3.1/../../../../arm-none-eabi/lib/thumb/v7e-m+fp/hard\libc_nano.a(libc_a-signal.o)
                0x0800d9c0                _raise_r
 .text.raise    0x0800da10       0x10 C:/my app/STM32CubeIDE_1.16.0/STM32CubeIDE/plugins/com.st.stm32cube.ide.mcu.externaltools.gnu-tools-for-stm32.12.3.rel1.win32_1.0.200.202406191623/tools/bin/../lib/gcc/arm-none-eabi/12.3.1/../../../../arm-none-eabi/lib/thumb/v7e-m+fp/hard\libc_nano.a(libc_a-signal.o)
                0x0800da10                raise
 .text._kill_r  0x0800da20       0x24 C:/my app/STM32CubeIDE_1.16.0/STM32CubeIDE/plugins/com.st.stm32cube.ide.mcu.externaltools.gnu-tools-for-stm32.12.3.rel1.win32_1.0.200.202406191623/tools/bin/../lib/gcc/arm-none-eabi/12.3.1/../../../../arm-none-eabi/lib/thumb/v7e-m+fp/hard\libc_nano.a(libc_a-signalr.o)
                0x0800da20                _kill_r
 .text._getpid_r
                0x0800da44        0x4 C:/my app/STM32CubeIDE_1.16.0/STM32CubeIDE/plugins/com.st.stm32cube.ide.mcu.externaltools.gnu-tools-for-stm32.12.3.rel1.win32_1.0.200.202406191623/tools/bin/../lib/gcc/arm-none-eabi/12.3.1/../../../../arm-none-eabi/lib/thumb/v7e-m+fp/hard\libc_nano.a(libc_a-signalr.o)
                0x0800da44                _getpid_r
 .text._malloc_usable_size_r
                0x0800da48       0x10 C:/my app/STM32CubeIDE_1.16.0/STM32CubeIDE/plugins/com.st.stm32cube.ide.mcu.externaltools.gnu-tools-for-stm32.12.3.rel1.win32_1.0.200.202406191623/tools/bin/../lib/gcc/arm-none-eabi/12.3.1/../../../../arm-none-eabi/lib/thumb/v7e-m+fp/hard\libc_nano.a(libc_a-msizer.o)
                0x0800da48                _malloc_usable_size_r
 *(.glue_7)
 .glue_7        0x0800da58        0x0 linker stubs
 *(.glue_7t)
 .glue_7t       0x0800da58        0x0 linker stubs
 *(.eh_frame)
 .eh_frame      0x0800da58        0x0 C:/my app/STM32CubeIDE_1.16.0/STM32CubeIDE/plugins/com.st.stm32cube.ide.mcu.externaltools.gnu-tools-for-stm32.12.3.rel1.win32_1.0.200.202406191623/tools/bin/../lib/gcc/arm-none-eabi/12.3.1/thumb/v7e-m+fp/hard/crtbegin.o
 *(.init)
 .init          0x0800da58        0x4 C:/my app/STM32CubeIDE_1.16.0/STM32CubeIDE/plugins/com.st.stm32cube.ide.mcu.externaltools.gnu-tools-for-stm32.12.3.rel1.win32_1.0.200.202406191623/tools/bin/../lib/gcc/arm-none-eabi/12.3.1/thumb/v7e-m+fp/hard/crti.o
                0x0800da58                _init
 .init          0x0800da5c        0x8 C:/my app/STM32CubeIDE_1.16.0/STM32CubeIDE/plugins/com.st.stm32cube.ide.mcu.externaltools.gnu-tools-for-stm32.12.3.rel1.win32_1.0.200.202406191623/tools/bin/../lib/gcc/arm-none-eabi/12.3.1/thumb/v7e-m+fp/hard/crtn.o
 *(.fini)
 .fini          0x0800da64        0x4 C:/my app/STM32CubeIDE_1.16.0/STM32CubeIDE/plugins/com.st.stm32cube.ide.mcu.externaltools.gnu-tools-for-stm32.12.3.rel1.win32_1.0.200.202406191623/tools/bin/../lib/gcc/arm-none-eabi/12.3.1/thumb/v7e-m+fp/hard/crti.o
                0x0800da64                _fini
 .fini          0x0800da68        0x8 C:/my app/STM32CubeIDE_1.16.0/STM32CubeIDE/plugins/com.st.stm32cube.ide.mcu.externaltools.gnu-tools-for-stm32.12.3.rel1.win32_1.0.200.202406191623/tools/bin/../lib/gcc/arm-none-eabi/12.3.1/thumb/v7e-m+fp/hard/crtn.o
                0x0800da70                        . = ALIGN (0x4)
                0x0800da70                        _etext = .

.vfp11_veneer   0x0800da70        0x0
 .vfp11_veneer  0x0800da70        0x0 linker stubs

.v4_bx          0x0800da70        0x0
 .v4_bx         0x0800da70        0x0 linker stubs

.iplt           0x0800da70        0x0
 .iplt          0x0800da70        0x0 C:/my app/STM32CubeIDE_1.16.0/STM32CubeIDE/plugins/com.st.stm32cube.ide.mcu.externaltools.gnu-tools-for-stm32.12.3.rel1.win32_1.0.200.202406191623/tools/bin/../lib/gcc/arm-none-eabi/12.3.1/thumb/v7e-m+fp/hard/crtbegin.o

.rodata         0x0800da70      0xaac
                0x0800da70                        . = ALIGN (0x4)
 *(.rodata)
 .rodata        0x0800da70      0x510 ./Core/Src/main.o
 .rodata        0x0800df80        0x3 ./Core/Src/sht2x_for_stm32_hal.o
 *fill*         0x0800df83        0x1 
 .rodata        0x0800df84        0x5 ./Middlewares/Third_Party/FreeRTOS/Source/tasks.o
 *fill*         0x0800df89        0x3 
 .rodata        0x0800df8c        0xd ./Middlewares/Third_Party/FreeRTOS/Source/timers.o
 *fill*         0x0800df99        0x3 
 .rodata        0x0800df9c       0x51 ./Middlewares/Third_Party/SEGGER/Config/SEGGER_SYSVIEW_Config_FreeRTOS.o
 *fill*         0x0800dfed        0x3 
 .rodata        0x0800dff0        0x9 ./Middlewares/Third_Party/SEGGER/SEGGER/SEGGER_RTT.o
 *fill*         0x0800dff9        0x3 
 .rodata        0x0800dffc       0x10 ./Middlewares/Third_Party/SEGGER/SEGGER/SEGGER_SYSVIEW.o
 *(.rodata*)
 .rodata.defaultTask_attributes
                0x0800e00c       0x24 ./Core/Src/main.o
                0x0800e00c                defaultTask_attributes
 .rodata.RealTime_attributes
                0x0800e030       0x24 ./Core/Src/main.o
                0x0800e030                RealTime_attributes
 .rodata.DisplayTemp_attributes
                0x0800e054       0x24 ./Core/Src/main.o
                0x0800e054                DisplayTemp_attributes
 .rodata.DisplayTime_attributes
                0x0800e078       0x24 ./Core/Src/main.o
                0x0800e078                DisplayTime_attributes
 .rodata.myTask05_attributes
                0x0800e09c       0x24 ./Core/Src/main.o
                0x0800e09c                myTask05_attributes
 .rodata.myTask06_attributes
                0x0800e0c0       0x24 ./Core/Src/main.o
                0x0800e0c0                myTask06_attributes
 .rodata.myTask07_attributes
                0x0800e0e4       0x24 ./Core/Src/main.o
                0x0800e0e4                myTask07_attributes
 .rodata.myQueue01_attributes
                0x0800e108       0x18 ./Core/Src/main.o
                0x0800e108                myQueue01_attributes
 .rodata.myQueue02_attributes
                0x0800e120       0x18 ./Core/Src/main.o
                0x0800e120                myQueue02_attributes
 .rodata.myQueue03_attributes
                0x0800e138       0x18 ./Core/Src/main.o
                0x0800e138                myQueue03_attributes
 .rodata.myQueue04_attributes
                0x0800e150       0x18 ./Core/Src/main.o
                0x0800e150                myQueue04_attributes
 .rodata.AHBPrescTable
                0x0800e168       0x10 ./Core/Src/system_stm32f4xx.o
                0x0800e168                AHBPrescTable
 .rodata.APBPrescTable
                0x0800e178        0x8 ./Core/Src/system_stm32f4xx.o
                0x0800e178                APBPrescTable
 .rodata.SYSVIEW_X_OS_TraceAPI
                0x0800e180        0x8 ./Middlewares/Third_Party/SEGGER/OS/SEGGER_SYSVIEW_FreeRTOS.o
                0x0800e180                SYSVIEW_X_OS_TraceAPI
 .rodata._abHelloMsg
                0x0800e188        0x4 ./Middlewares/Third_Party/SEGGER/Rec/segger_uart.o
 .rodata._aInitStr.0
                0x0800e18c       0x11 ./Middlewares/Third_Party/SEGGER/SEGGER/SEGGER_RTT.o
 *fill*         0x0800e19d        0x3 
 .rodata._abSync
                0x0800e1a0        0xa ./Middlewares/Third_Party/SEGGER/SEGGER/SEGGER_SYSVIEW.o
 .rodata._printf_float.str1.1
                0x0800e1aa       0x12 C:/my app/STM32CubeIDE_1.16.0/STM32CubeIDE/plugins/com.st.stm32cube.ide.mcu.externaltools.gnu-tools-for-stm32.12.3.rel1.win32_1.0.200.202406191623/tools/bin/../lib/gcc/arm-none-eabi/12.3.1/../../../../arm-none-eabi/lib/thumb/v7e-m+fp/hard\libc_nano.a(libc_a-nano-vfprintf_float.o)
 .rodata._printf_i.str1.1
                0x0800e1bc       0x22 C:/my app/STM32CubeIDE_1.16.0/STM32CubeIDE/plugins/com.st.stm32cube.ide.mcu.externaltools.gnu-tools-for-stm32.12.3.rel1.win32_1.0.200.202406191623/tools/bin/../lib/gcc/arm-none-eabi/12.3.1/../../../../arm-none-eabi/lib/thumb/v7e-m+fp/hard\libc_nano.a(libc_a-nano-vfprintf_i.o)
 .rodata.__assert_func.str1.1
                0x0800e1de       0x3c C:/my app/STM32CubeIDE_1.16.0/STM32CubeIDE/plugins/com.st.stm32cube.ide.mcu.externaltools.gnu-tools-for-stm32.12.3.rel1.win32_1.0.200.202406191623/tools/bin/../lib/gcc/arm-none-eabi/12.3.1/../../../../arm-none-eabi/lib/thumb/v7e-m+fp/hard\libc_nano.a(libc_a-assert.o)
                                 0x3d (size before relaxing)
 .rodata._dtoa_r.str1.1
                0x0800e21a       0x8d C:/my app/STM32CubeIDE_1.16.0/STM32CubeIDE/plugins/com.st.stm32cube.ide.mcu.externaltools.gnu-tools-for-stm32.12.3.rel1.win32_1.0.200.202406191623/tools/bin/../lib/gcc/arm-none-eabi/12.3.1/../../../../arm-none-eabi/lib/thumb/v7e-m+fp/hard\libc_nano.a(libc_a-dtoa.o)
                                 0x8f (size before relaxing)
 .rodata._Balloc.str1.1
                0x0800e2a7       0x59 C:/my app/STM32CubeIDE_1.16.0/STM32CubeIDE/plugins/com.st.stm32cube.ide.mcu.externaltools.gnu-tools-for-stm32.12.3.rel1.win32_1.0.200.202406191623/tools/bin/../lib/gcc/arm-none-eabi/12.3.1/../../../../arm-none-eabi/lib/thumb/v7e-m+fp/hard\libc_nano.a(libc_a-mprec.o)
                                 0x70 (size before relaxing)
 .rodata.__multadd.str1.1
                0x0800e300       0x11 C:/my app/STM32CubeIDE_1.16.0/STM32CubeIDE/plugins/com.st.stm32cube.ide.mcu.externaltools.gnu-tools-for-stm32.12.3.rel1.win32_1.0.200.202406191623/tools/bin/../lib/gcc/arm-none-eabi/12.3.1/../../../../arm-none-eabi/lib/thumb/v7e-m+fp/hard\libc_nano.a(libc_a-mprec.o)
 .rodata.p05.0  0x0800e300        0xc C:/my app/STM32CubeIDE_1.16.0/STM32CubeIDE/plugins/com.st.stm32cube.ide.mcu.externaltools.gnu-tools-for-stm32.12.3.rel1.win32_1.0.200.202406191623/tools/bin/../lib/gcc/arm-none-eabi/12.3.1/../../../../arm-none-eabi/lib/thumb/v7e-m+fp/hard\libc_nano.a(libc_a-mprec.o)
 *fill*         0x0800e30c        0x4 
 .rodata.__mprec_bigtens
                0x0800e310       0x28 C:/my app/STM32CubeIDE_1.16.0/STM32CubeIDE/plugins/com.st.stm32cube.ide.mcu.externaltools.gnu-tools-for-stm32.12.3.rel1.win32_1.0.200.202406191623/tools/bin/../lib/gcc/arm-none-eabi/12.3.1/../../../../arm-none-eabi/lib/thumb/v7e-m+fp/hard\libc_nano.a(libc_a-mprec.o)
                0x0800e310                __mprec_bigtens
 .rodata.__mprec_tens
                0x0800e338       0xc8 C:/my app/STM32CubeIDE_1.16.0/STM32CubeIDE/plugins/com.st.stm32cube.ide.mcu.externaltools.gnu-tools-for-stm32.12.3.rel1.win32_1.0.200.202406191623/tools/bin/../lib/gcc/arm-none-eabi/12.3.1/../../../../arm-none-eabi/lib/thumb/v7e-m+fp/hard\libc_nano.a(libc_a-mprec.o)
                0x0800e338                __mprec_tens
 .rodata._svfprintf_r.str1.1
                0x0800e400       0x11 C:/my app/STM32CubeIDE_1.16.0/STM32CubeIDE/plugins/com.st.stm32cube.ide.mcu.externaltools.gnu-tools-for-stm32.12.3.rel1.win32_1.0.200.202406191623/tools/bin/../lib/gcc/arm-none-eabi/12.3.1/../../../../arm-none-eabi/lib/thumb/v7e-m+fp/hard\libc_nano.a(libc_a-nano-svfprintf.o)
 .rodata._setlocale_r.str1.1
                0x0800e411        0x8 C:/my app/STM32CubeIDE_1.16.0/STM32CubeIDE/plugins/com.st.stm32cube.ide.mcu.externaltools.gnu-tools-for-stm32.12.3.rel1.win32_1.0.200.202406191623/tools/bin/../lib/gcc/arm-none-eabi/12.3.1/../../../../arm-none-eabi/lib/thumb/v7e-m+fp/hard\libc_nano.a(libc_a-locale.o)
                                  0x9 (size before relaxing)
 .rodata.str1.1