../Core/Src/main.c:241:5:main	8	static
../Core/Src/main.c:381:6:SystemClock_Config	88	static
../Core/Src/main.c:428:13:MX_I2C1_Init	8	static
../Core/Src/main.c:462:13:MX_I2C2_Init	8	static
../Core/Src/main.c:496:13:MX_I2C3_Init	8	static
../Core/Src/main.c:530:13:MX_USART6_UART_Init	8	static
../Core/Src/main.c:563:13:MX_GPIO_Init	24	static
../Core/Src/main.c:579:6:HAL_UART_RxCpltCallback	16	static
../Core/Src/main.c:595:6:updatePriorities	40	static
../Core/Src/main.c:640:6:updatePrevious	16	static
../Core/Src/main.c:647:6:detectChange	16	static
../Core/Src/main.c:669:6:StartDefaultTask	32	static
../Core/Src/main.c:713:6:StartTask02	40	static
../Core/Src/main.c:755:6:StartTask03	40	static
../Core/Src/main.c:800:6:StartTask04	72	static
../Core/Src/main.c:851:6:StartTask05	32	static
../Core/Src/main.c:893:6:StartTask06	40	static
../Core/Src/main.c:938:6:StartTask07	168	static
../Core/Src/main.c:999:6:Error_Handler	4	static,ignoring_inline_asm
