../Core/Src/main.c:104:6:handle_event	24	static
../Core/Src/main.c:132:6:HAL_TIM_PeriodElapsedCallback	16	static
../Core/Src/main.c:161:5:main	24	static
../Core/Src/main.c:266:6:SystemClock_Config	88	static
../Core/Src/main.c:313:13:MX_I2C1_Init	8	static
../Core/Src/main.c:347:13:MX_I2C2_Init	8	static
../Core/Src/main.c:381:13:MX_I2C3_Init	8	static
../Core/Src/main.c:415:13:MX_TIM1_Init	32	static
../Core/Src/main.c:461:13:MX_TIM2_Init	32	static
../Core/Src/main.c:506:13:MX_TIM3_Init	32	static
../Core/Src/main.c:551:13:MX_TIM4_Init	32	static
../Core/Src/main.c:596:13:MX_USART1_UART_Init	8	static
../Core/Src/main.c:629:13:MX_USART2_UART_Init	8	static
../Core/Src/main.c:662:13:MX_GPIO_Init	48	static
../Core/Src/main.c:695:6:display_lcd	8	static
../Core/Src/main.c:725:6:update_parameter_to_display	16	static
../Core/Src/main.c:729:6:send_uart	32	static
../Core/Src/main.c:733:6:read_time	8	static
../Core/Src/main.c:737:6:read_temp_and_hum	8	static
../Core/Src/main.c:751:6:Error_Handler	4	static,ignoring_inline_asm
