01:47:27 **** Build of configuration Debug for project 003_LED_Block_Tasks ****
make -j12 all 
arm-none-eabi-gcc "D:/Mastering RTOS Hands on FreeRTOS/RTOS_Workspacee/common/ThirdParty/SEGGER/SEGGER/Syscalls/SEGGER_RTT_Syscalls_GCC.c" -mcpu=cortex-m4 -std=gnu11 -g3 -DDEBUG -DUSE_HAL_DRIVER -DSTM32F401xE -c -I../Core/Inc -I../Drivers/STM32F4xx_HAL_Driver/Inc -I../Drivers/STM32F4xx_HAL_Driver/Inc/Legacy -I../Drivers/CMSIS/Device/ST/STM32F4xx/Include -I../Drivers/CMSIS/Include -I"D:/Mastering RTOS Hands on FreeRTOS/RTOS_Workspacee/common/ThirdParty/FreeRTOS/include" -I"D:/Mastering RTOS Hands on FreeRTOS/RTOS_Workspacee/common/ThirdParty/FreeRTOS/portable/GCC/ARM_CM4F" -I"D:/Mastering RTOS Hands on FreeRTOS/RTOS_Workspacee/common/ThirdParty/SEGGER/Config" -I"D:/Mastering RTOS Hands on FreeRTOS/RTOS_Workspacee/common/ThirdParty/SEGGER/OS" -I"D:/Mastering RTOS Hands on FreeRTOS/RTOS_Workspacee/common/ThirdParty/SEGGER/SEGGER" -O0 -ffunction-sections -fdata-sections -Wall -fstack-usage -fcyclomatic-complexity -MMD -MP -MF"common/ThirdParty/SEGGER/SEGGER/Syscalls/SEGGER_RTT_Syscalls_GCC.d" -MT"common/ThirdParty/SEGGER/SEGGER/Syscalls/SEGGER_RTT_Syscalls_GCC.o" --specs=nano.specs -mfpu=fpv4-sp-d16 -mfloat-abi=hard -mthumb -o "common/ThirdParty/SEGGER/SEGGER/Syscalls/SEGGER_RTT_Syscalls_GCC.o"
arm-none-eabi-gcc "D:/Mastering RTOS Hands on FreeRTOS/RTOS_Workspacee/common/ThirdParty/SEGGER/SEGGER/SEGGER_RTT.c" -mcpu=cortex-m4 -std=gnu11 -g3 -DDEBUG -DUSE_HAL_DRIVER -DSTM32F401xE -c -I../Core/Inc -I../Drivers/STM32F4xx_HAL_Driver/Inc -I../Drivers/STM32F4xx_HAL_Driver/Inc/Legacy -I../Drivers/CMSIS/Device/ST/STM32F4xx/Include -I../Drivers/CMSIS/Include -I"D:/Mastering RTOS Hands on FreeRTOS/RTOS_Workspacee/common/ThirdParty/FreeRTOS/include" -I"D:/Mastering RTOS Hands on FreeRTOS/RTOS_Workspacee/common/ThirdParty/FreeRTOS/portable/GCC/ARM_CM4F" -I"D:/Mastering RTOS Hands on FreeRTOS/RTOS_Workspacee/common/ThirdParty/SEGGER/Config" -I"D:/Mastering RTOS Hands on FreeRTOS/RTOS_Workspacee/common/ThirdParty/SEGGER/OS" -I"D:/Mastering RTOS Hands on FreeRTOS/RTOS_Workspacee/common/ThirdParty/SEGGER/SEGGER" -O0 -ffunction-sections -fdata-sections -Wall -fstack-usage -fcyclomatic-complexity -MMD -MP -MF"common/ThirdParty/SEGGER/SEGGER/SEGGER_RTT.d" -MT"common/ThirdParty/SEGGER/SEGGER/SEGGER_RTT.o" --specs=nano.specs -mfpu=fpv4-sp-d16 -mfloat-abi=hard -mthumb -o "common/ThirdParty/SEGGER/SEGGER/SEGGER_RTT.o"
arm-none-eabi-gcc -mcpu=cortex-m4 -g3 -DDEBUG -c -I"D:/Mastering RTOS Hands on FreeRTOS/RTOS_Workspacee/common/ThirdParty/SEGGER/Config" -I"D:/Mastering RTOS Hands on FreeRTOS/RTOS_Workspacee/common/ThirdParty/SEGGER" -x assembler-with-cpp -MMD -MP -MF"common/ThirdParty/SEGGER/SEGGER/SEGGER_RTT_ASM_ARMv7M.d" -MT"common/ThirdParty/SEGGER/SEGGER/SEGGER_RTT_ASM_ARMv7M.o" --specs=nano.specs -mfpu=fpv4-sp-d16 -mfloat-abi=hard -mthumb -o "common/ThirdParty/SEGGER/SEGGER/SEGGER_RTT_ASM_ARMv7M.o" "D:/Mastering RTOS Hands on FreeRTOS/RTOS_Workspacee/common/ThirdParty/SEGGER/SEGGER/SEGGER_RTT_ASM_ARMv7M.S"
arm-none-eabi-gcc "D:/Mastering RTOS Hands on FreeRTOS/RTOS_Workspacee/common/ThirdParty/SEGGER/SEGGER/SEGGER_RTT_printf.c" -mcpu=cortex-m4 -std=gnu11 -g3 -DDEBUG -DUSE_HAL_DRIVER -DSTM32F401xE -c -I../Core/Inc -I../Drivers/STM32F4xx_HAL_Driver/Inc -I../Drivers/STM32F4xx_HAL_Driver/Inc/Legacy -I../Drivers/CMSIS/Device/ST/STM32F4xx/Include -I../Drivers/CMSIS/Include -I"D:/Mastering RTOS Hands on FreeRTOS/RTOS_Workspacee/common/ThirdParty/FreeRTOS/include" -I"D:/Mastering RTOS Hands on FreeRTOS/RTOS_Workspacee/common/ThirdParty/FreeRTOS/portable/GCC/ARM_CM4F" -I"D:/Mastering RTOS Hands on FreeRTOS/RTOS_Workspacee/common/ThirdParty/SEGGER/Config" -I"D:/Mastering RTOS Hands on FreeRTOS/RTOS_Workspacee/common/ThirdParty/SEGGER/OS" -I"D:/Mastering RTOS Hands on FreeRTOS/RTOS_Workspacee/common/ThirdParty/SEGGER/SEGGER" -O0 -ffunction-sections -fdata-sections -Wall -fstack-usage -fcyclomatic-complexity -MMD -MP -MF"common/ThirdParty/SEGGER/SEGGER/SEGGER_RTT_printf.d" -MT"common/ThirdParty/SEGGER/SEGGER/SEGGER_RTT_printf.o" --specs=nano.specs -mfpu=fpv4-sp-d16 -mfloat-abi=hard -mthumb -o "common/ThirdParty/SEGGER/SEGGER/SEGGER_RTT_printf.o"
arm-none-eabi-gcc "D:/Mastering RTOS Hands on FreeRTOS/RTOS_Workspacee/common/ThirdParty/SEGGER/SEGGER/SEGGER_SYSVIEW.c" -mcpu=cortex-m4 -std=gnu11 -g3 -DDEBUG -DUSE_HAL_DRIVER -DSTM32F401xE -c -I../Core/Inc -I../Drivers/STM32F4xx_HAL_Driver/Inc -I../Drivers/STM32F4xx_HAL_Driver/Inc/Legacy -I../Drivers/CMSIS/Device/ST/STM32F4xx/Include -I../Drivers/CMSIS/Include -I"D:/Mastering RTOS Hands on FreeRTOS/RTOS_Workspacee/common/ThirdParty/FreeRTOS/include" -I"D:/Mastering RTOS Hands on FreeRTOS/RTOS_Workspacee/common/ThirdParty/FreeRTOS/portable/GCC/ARM_CM4F" -I"D:/Mastering RTOS Hands on FreeRTOS/RTOS_Workspacee/common/ThirdParty/SEGGER/Config" -I"D:/Mastering RTOS Hands on FreeRTOS/RTOS_Workspacee/common/ThirdParty/SEGGER/OS" -I"D:/Mastering RTOS Hands on FreeRTOS/RTOS_Workspacee/common/ThirdParty/SEGGER/SEGGER" -O0 -ffunction-sections -fdata-sections -Wall -fstack-usage -fcyclomatic-complexity -MMD -MP -MF"common/ThirdParty/SEGGER/SEGGER/SEGGER_SYSVIEW.d" -MT"common/ThirdParty/SEGGER/SEGGER/SEGGER_SYSVIEW.o" --specs=nano.specs -mfpu=fpv4-sp-d16 -mfloat-abi=hard -mthumb -o "common/ThirdParty/SEGGER/SEGGER/SEGGER_SYSVIEW.o"
arm-none-eabi-gcc "D:/Mastering RTOS Hands on FreeRTOS/RTOS_Workspacee/common/ThirdParty/SEGGER/Rec/segger_uart.c" -mcpu=cortex-m4 -std=gnu11 -g3 -DDEBUG -DUSE_HAL_DRIVER -DSTM32F401xE -c -I../Core/Inc -I../Drivers/STM32F4xx_HAL_Driver/Inc -I../Drivers/STM32F4xx_HAL_Driver/Inc/Legacy -I../Drivers/CMSIS/Device/ST/STM32F4xx/Include -I../Drivers/CMSIS/Include -I"D:/Mastering RTOS Hands on FreeRTOS/RTOS_Workspacee/common/ThirdParty/FreeRTOS/include" -I"D:/Mastering RTOS Hands on FreeRTOS/RTOS_Workspacee/common/ThirdParty/FreeRTOS/portable/GCC/ARM_CM4F" -I"D:/Mastering RTOS Hands on FreeRTOS/RTOS_Workspacee/common/ThirdParty/SEGGER/Config" -I"D:/Mastering RTOS Hands on FreeRTOS/RTOS_Workspacee/common/ThirdParty/SEGGER/OS" -I"D:/Mastering RTOS Hands on FreeRTOS/RTOS_Workspacee/common/ThirdParty/SEGGER/SEGGER" -O0 -ffunction-sections -fdata-sections -Wall -fstack-usage -fcyclomatic-complexity -MMD -MP -MF"common/ThirdParty/SEGGER/Rec/segger_uart.d" -MT"common/ThirdParty/SEGGER/Rec/segger_uart.o" --specs=nano.specs -mfpu=fpv4-sp-d16 -mfloat-abi=hard -mthumb -o "common/ThirdParty/SEGGER/Rec/segger_uart.o"
arm-none-eabi-gcc "D:/Mastering RTOS Hands on FreeRTOS/RTOS_Workspacee/common/ThirdParty/SEGGER/OS/SEGGER_SYSVIEW_FreeRTOS.c" -mcpu=cortex-m4 -std=gnu11 -g3 -DDEBUG -DUSE_HAL_DRIVER -DSTM32F401xE -c -I../Core/Inc -I../Drivers/STM32F4xx_HAL_Driver/Inc -I../Drivers/STM32F4xx_HAL_Driver/Inc/Legacy -I../Drivers/CMSIS/Device/ST/STM32F4xx/Include -I../Drivers/CMSIS/Include -I"D:/Mastering RTOS Hands on FreeRTOS/RTOS_Workspacee/common/ThirdParty/FreeRTOS/include" -I"D:/Mastering RTOS Hands on FreeRTOS/RTOS_Workspacee/common/ThirdParty/FreeRTOS/portable/GCC/ARM_CM4F" -I"D:/Mastering RTOS Hands on FreeRTOS/RTOS_Workspacee/common/ThirdParty/SEGGER/Config" -I"D:/Mastering RTOS Hands on FreeRTOS/RTOS_Workspacee/common/ThirdParty/SEGGER/OS" -I"D:/Mastering RTOS Hands on FreeRTOS/RTOS_Workspacee/common/ThirdParty/SEGGER/SEGGER" -O0 -ffunction-sections -fdata-sections -Wall -fstack-usage -fcyclomatic-complexity -MMD -MP -MF"common/ThirdParty/SEGGER/OS/SEGGER_SYSVIEW_FreeRTOS.d" -MT"common/ThirdParty/SEGGER/OS/SEGGER_SYSVIEW_FreeRTOS.o" --specs=nano.specs -mfpu=fpv4-sp-d16 -mfloat-abi=hard -mthumb -o "common/ThirdParty/SEGGER/OS/SEGGER_SYSVIEW_FreeRTOS.o"
arm-none-eabi-gcc "D:/Mastering RTOS Hands on FreeRTOS/RTOS_Workspacee/common/ThirdParty/SEGGER/Config/SEGGER_SYSVIEW_Config_FreeRTOS.c" -mcpu=cortex-m4 -std=gnu11 -g3 -DDEBUG -DUSE_HAL_DRIVER -DSTM32F401xE -c -I../Core/Inc -I../Drivers/STM32F4xx_HAL_Driver/Inc -I../Drivers/STM32F4xx_HAL_Driver/Inc/Legacy -I../Drivers/CMSIS/Device/ST/STM32F4xx/Include -I../Drivers/CMSIS/Include -I"D:/Mastering RTOS Hands on FreeRTOS/RTOS_Workspacee/common/ThirdParty/FreeRTOS/include" -I"D:/Mastering RTOS Hands on FreeRTOS/RTOS_Workspacee/common/ThirdParty/FreeRTOS/portable/GCC/ARM_CM4F" -I"D:/Mastering RTOS Hands on FreeRTOS/RTOS_Workspacee/common/ThirdParty/SEGGER/Config" -I"D:/Mastering RTOS Hands on FreeRTOS/RTOS_Workspacee/common/ThirdParty/SEGGER/OS" -I"D:/Mastering RTOS Hands on FreeRTOS/RTOS_Workspacee/common/ThirdParty/SEGGER/SEGGER" -O0 -ffunction-sections -fdata-sections -Wall -fstack-usage -fcyclomatic-complexity -MMD -MP -MF"common/ThirdParty/SEGGER/Config/SEGGER_SYSVIEW_Config_FreeRTOS.d" -MT"common/ThirdParty/SEGGER/Config/SEGGER_SYSVIEW_Config_FreeRTOS.o" --specs=nano.specs -mfpu=fpv4-sp-d16 -mfloat-abi=hard -mthumb -o "common/ThirdParty/SEGGER/Config/SEGGER_SYSVIEW_Config_FreeRTOS.o"
arm-none-eabi-gcc "D:/Mastering RTOS Hands on FreeRTOS/RTOS_Workspacee/common/ThirdParty/FreeRTOS/portable/MemMang/heap_4.c" -mcpu=cortex-m4 -std=gnu11 -g3 -DDEBUG -DUSE_HAL_DRIVER -DSTM32F401xE -c -I../Core/Inc -I../Drivers/STM32F4xx_HAL_Driver/Inc -I../Drivers/STM32F4xx_HAL_Driver/Inc/Legacy -I../Drivers/CMSIS/Device/ST/STM32F4xx/Include -I../Drivers/CMSIS/Include -I"D:/Mastering RTOS Hands on FreeRTOS/RTOS_Workspacee/common/ThirdParty/FreeRTOS/include" -I"D:/Mastering RTOS Hands on FreeRTOS/RTOS_Workspacee/common/ThirdParty/FreeRTOS/portable/GCC/ARM_CM4F" -I"D:/Mastering RTOS Hands on FreeRTOS/RTOS_Workspacee/common/ThirdParty/SEGGER/Config" -I"D:/Mastering RTOS Hands on FreeRTOS/RTOS_Workspacee/common/ThirdParty/SEGGER/OS" -I"D:/Mastering RTOS Hands on FreeRTOS/RTOS_Workspacee/common/ThirdParty/SEGGER/SEGGER" -O0 -ffunction-sections -fdata-sections -Wall -fstack-usage -fcyclomatic-complexity -MMD -MP -MF"common/ThirdParty/FreeRTOS/portable/MemMang/heap_4.d" -MT"common/ThirdParty/FreeRTOS/portable/MemMang/heap_4.o" --specs=nano.specs -mfpu=fpv4-sp-d16 -mfloat-abi=hard -mthumb -o "common/ThirdParty/FreeRTOS/portable/MemMang/heap_4.o"
arm-none-eabi-gcc "D:/Mastering RTOS Hands on FreeRTOS/RTOS_Workspacee/common/ThirdParty/FreeRTOS/portable/GCC/ARM_CM4F/port.c" -mcpu=cortex-m4 -std=gnu11 -g3 -DDEBUG -DUSE_HAL_DRIVER -DSTM32F401xE -c -I../Core/Inc -I../Drivers/STM32F4xx_HAL_Driver/Inc -I../Drivers/STM32F4xx_HAL_Driver/Inc/Legacy -I../Drivers/CMSIS/Device/ST/STM32F4xx/Include -I../Drivers/CMSIS/Include -I"D:/Mastering RTOS Hands on FreeRTOS/RTOS_Workspacee/common/ThirdParty/FreeRTOS/include" -I"D:/Mastering RTOS Hands on FreeRTOS/RTOS_Workspacee/common/ThirdParty/FreeRTOS/portable/GCC/ARM_CM4F" -I"D:/Mastering RTOS Hands on FreeRTOS/RTOS_Workspacee/common/ThirdParty/SEGGER/Config" -I"D:/Mastering RTOS Hands on FreeRTOS/RTOS_Workspacee/common/ThirdParty/SEGGER/OS" -I"D:/Mastering RTOS Hands on FreeRTOS/RTOS_Workspacee/common/ThirdParty/SEGGER/SEGGER" -O0 -ffunction-sections -fdata-sections -Wall -fstack-usage -fcyclomatic-complexity -MMD -MP -MF"common/ThirdParty/FreeRTOS/portable/GCC/ARM_CM4F/port.d" -MT"common/ThirdParty/FreeRTOS/portable/GCC/ARM_CM4F/port.o" --specs=nano.specs -mfpu=fpv4-sp-d16 -mfloat-abi=hard -mthumb -o "common/ThirdParty/FreeRTOS/portable/GCC/ARM_CM4F/port.o"
arm-none-eabi-gcc "D:/Mastering RTOS Hands on FreeRTOS/RTOS_Workspacee/common/ThirdParty/FreeRTOS/croutine.c" -mcpu=cortex-m4 -std=gnu11 -g3 -DDEBUG -DUSE_HAL_DRIVER -DSTM32F401xE -c -I../Core/Inc -I../Drivers/STM32F4xx_HAL_Driver/Inc -I../Drivers/STM32F4xx_HAL_Driver/Inc/Legacy -I../Drivers/CMSIS/Device/ST/STM32F4xx/Include -I../Drivers/CMSIS/Include -I"D:/Mastering RTOS Hands on FreeRTOS/RTOS_Workspacee/common/ThirdParty/FreeRTOS/include" -I"D:/Mastering RTOS Hands on FreeRTOS/RTOS_Workspacee/common/ThirdParty/FreeRTOS/portable/GCC/ARM_CM4F" -I"D:/Mastering RTOS Hands on FreeRTOS/RTOS_Workspacee/common/ThirdParty/SEGGER/Config" -I"D:/Mastering RTOS Hands on FreeRTOS/RTOS_Workspacee/common/ThirdParty/SEGGER/OS" -I"D:/Mastering RTOS Hands on FreeRTOS/RTOS_Workspacee/common/ThirdParty/SEGGER/SEGGER" -O0 -ffunction-sections -fdata-sections -Wall -fstack-usage -fcyclomatic-complexity -MMD -MP -MF"common/ThirdParty/FreeRTOS/croutine.d" -MT"common/ThirdParty/FreeRTOS/croutine.o" --specs=nano.specs -mfpu=fpv4-sp-d16 -mfloat-abi=hard -mthumb -o "common/ThirdParty/FreeRTOS/croutine.o"
arm-none-eabi-gcc "D:/Mastering RTOS Hands on FreeRTOS/RTOS_Workspacee/common/ThirdParty/FreeRTOS/event_groups.c" -mcpu=cortex-m4 -std=gnu11 -g3 -DDEBUG -DUSE_HAL_DRIVER -DSTM32F401xE -c -I../Core/Inc -I../Drivers/STM32F4xx_HAL_Driver/Inc -I../Drivers/STM32F4xx_HAL_Driver/Inc/Legacy -I../Drivers/CMSIS/Device/ST/STM32F4xx/Include -I../Drivers/CMSIS/Include -I"D:/Mastering RTOS Hands on FreeRTOS/RTOS_Workspacee/common/ThirdParty/FreeRTOS/include" -I"D:/Mastering RTOS Hands on FreeRTOS/RTOS_Workspacee/common/ThirdParty/FreeRTOS/portable/GCC/ARM_CM4F" -I"D:/Mastering RTOS Hands on FreeRTOS/RTOS_Workspacee/common/ThirdParty/SEGGER/Config" -I"D:/Mastering RTOS Hands on FreeRTOS/RTOS_Workspacee/common/ThirdParty/SEGGER/OS" -I"D:/Mastering RTOS Hands on FreeRTOS/RTOS_Workspacee/common/ThirdParty/SEGGER/SEGGER" -O0 -ffunction-sections -fdata-sections -Wall -fstack-usage -fcyclomatic-complexity -MMD -MP -MF"common/ThirdParty/FreeRTOS/event_groups.d" -MT"common/ThirdParty/FreeRTOS/event_groups.o" --specs=nano.specs -mfpu=fpv4-sp-d16 -mfloat-abi=hard -mthumb -o "common/ThirdParty/FreeRTOS/event_groups.o"
arm-none-eabi-gcc "D:/Mastering RTOS Hands on FreeRTOS/RTOS_Workspacee/common/ThirdParty/FreeRTOS/list.c" -mcpu=cortex-m4 -std=gnu11 -g3 -DDEBUG -DUSE_HAL_DRIVER -DSTM32F401xE -c -I../Core/Inc -I../Drivers/STM32F4xx_HAL_Driver/Inc -I../Drivers/STM32F4xx_HAL_Driver/Inc/Legacy -I../Drivers/CMSIS/Device/ST/STM32F4xx/Include -I../Drivers/CMSIS/Include -I"D:/Mastering RTOS Hands on FreeRTOS/RTOS_Workspacee/common/ThirdParty/FreeRTOS/include" -I"D:/Mastering RTOS Hands on FreeRTOS/RTOS_Workspacee/common/ThirdParty/FreeRTOS/portable/GCC/ARM_CM4F" -I"D:/Mastering RTOS Hands on FreeRTOS/RTOS_Workspacee/common/ThirdParty/SEGGER/Config" -I"D:/Mastering RTOS Hands on FreeRTOS/RTOS_Workspacee/common/ThirdParty/SEGGER/OS" -I"D:/Mastering RTOS Hands on FreeRTOS/RTOS_Workspacee/common/ThirdParty/SEGGER/SEGGER" -O0 -ffunction-sections -fdata-sections -Wall -fstack-usage -fcyclomatic-complexity -MMD -MP -MF"common/ThirdParty/FreeRTOS/list.d" -MT"common/ThirdParty/FreeRTOS/list.o" --specs=nano.specs -mfpu=fpv4-sp-d16 -mfloat-abi=hard -mthumb -o "common/ThirdParty/FreeRTOS/list.o"
arm-none-eabi-gcc "D:/Mastering RTOS Hands on FreeRTOS/RTOS_Workspacee/common/ThirdParty/FreeRTOS/queue.c" -mcpu=cortex-m4 -std=gnu11 -g3 -DDEBUG -DUSE_HAL_DRIVER -DSTM32F401xE -c -I../Core/Inc -I../Drivers/STM32F4xx_HAL_Driver/Inc -I../Drivers/STM32F4xx_HAL_Driver/Inc/Legacy -I../Drivers/CMSIS/Device/ST/STM32F4xx/Include -I../Drivers/CMSIS/Include -I"D:/Mastering RTOS Hands on FreeRTOS/RTOS_Workspacee/common/ThirdParty/FreeRTOS/include" -I"D:/Mastering RTOS Hands on FreeRTOS/RTOS_Workspacee/common/ThirdParty/FreeRTOS/portable/GCC/ARM_CM4F" -I"D:/Mastering RTOS Hands on FreeRTOS/RTOS_Workspacee/common/ThirdParty/SEGGER/Config" -I"D:/Mastering RTOS Hands on FreeRTOS/RTOS_Workspacee/common/ThirdParty/SEGGER/OS" -I"D:/Mastering RTOS Hands on FreeRTOS/RTOS_Workspacee/common/ThirdParty/SEGGER/SEGGER" -O0 -ffunction-sections -fdata-sections -Wall -fstack-usage -fcyclomatic-complexity -MMD -MP -MF"common/ThirdParty/FreeRTOS/queue.d" -MT"common/ThirdParty/FreeRTOS/queue.o" --specs=nano.specs -mfpu=fpv4-sp-d16 -mfloat-abi=hard -mthumb -o "common/ThirdParty/FreeRTOS/queue.o"
arm-none-eabi-gcc "D:/Mastering RTOS Hands on FreeRTOS/RTOS_Workspacee/common/ThirdParty/FreeRTOS/stream_buffer.c" -mcpu=cortex-m4 -std=gnu11 -g3 -DDEBUG -DUSE_HAL_DRIVER -DSTM32F401xE -c -I../Core/Inc -I../Drivers/STM32F4xx_HAL_Driver/Inc -I../Drivers/STM32F4xx_HAL_Driver/Inc/Legacy -I../Drivers/CMSIS/Device/ST/STM32F4xx/Include -I../Drivers/CMSIS/Include -I"D:/Mastering RTOS Hands on FreeRTOS/RTOS_Workspacee/common/ThirdParty/FreeRTOS/include" -I"D:/Mastering RTOS Hands on FreeRTOS/RTOS_Workspacee/common/ThirdParty/FreeRTOS/portable/GCC/ARM_CM4F" -I"D:/Mastering RTOS Hands on FreeRTOS/RTOS_Workspacee/common/ThirdParty/SEGGER/Config" -I"D:/Mastering RTOS Hands on FreeRTOS/RTOS_Workspacee/common/ThirdParty/SEGGER/OS" -I"D:/Mastering RTOS Hands on FreeRTOS/RTOS_Workspacee/common/ThirdParty/SEGGER/SEGGER" -O0 -ffunction-sections -fdata-sections -Wall -fstack-usage -fcyclomatic-complexity -MMD -MP -MF"common/ThirdParty/FreeRTOS/stream_buffer.d" -MT"common/ThirdParty/FreeRTOS/stream_buffer.o" --specs=nano.specs -mfpu=fpv4-sp-d16 -mfloat-abi=hard -mthumb -o "common/ThirdParty/FreeRTOS/stream_buffer.o"
arm-none-eabi-gcc "D:/Mastering RTOS Hands on FreeRTOS/RTOS_Workspacee/common/ThirdParty/FreeRTOS/tasks.c" -mcpu=cortex-m4 -std=gnu11 -g3 -DDEBUG -DUSE_HAL_DRIVER -DSTM32F401xE -c -I../Core/Inc -I../Drivers/STM32F4xx_HAL_Driver/Inc -I../Drivers/STM32F4xx_HAL_Driver/Inc/Legacy -I../Drivers/CMSIS/Device/ST/STM32F4xx/Include -I../Drivers/CMSIS/Include -I"D:/Mastering RTOS Hands on FreeRTOS/RTOS_Workspacee/common/ThirdParty/FreeRTOS/include" -I"D:/Mastering RTOS Hands on FreeRTOS/RTOS_Workspacee/common/ThirdParty/FreeRTOS/portable/GCC/ARM_CM4F" -I"D:/Mastering RTOS Hands on FreeRTOS/RTOS_Workspacee/common/ThirdParty/SEGGER/Config" -I"D:/Mastering RTOS Hands on FreeRTOS/RTOS_Workspacee/common/ThirdParty/SEGGER/OS" -I"D:/Mastering RTOS Hands on FreeRTOS/RTOS_Workspacee/common/ThirdParty/SEGGER/SEGGER" -O0 -ffunction-sections -fdata-sections -Wall -fstack-usage -fcyclomatic-complexity -MMD -MP -MF"common/ThirdParty/FreeRTOS/tasks.d" -MT"common/ThirdParty/FreeRTOS/tasks.o" --specs=nano.specs -mfpu=fpv4-sp-d16 -mfloat-abi=hard -mthumb -o "common/ThirdParty/FreeRTOS/tasks.o"
arm-none-eabi-gcc "D:/Mastering RTOS Hands on FreeRTOS/RTOS_Workspacee/common/ThirdParty/FreeRTOS/timers.c" -mcpu=cortex-m4 -std=gnu11 -g3 -DDEBUG -DUSE_HAL_DRIVER -DSTM32F401xE -c -I../Core/Inc -I../Drivers/STM32F4xx_HAL_Driver/Inc -I../Drivers/STM32F4xx_HAL_Driver/Inc/Legacy -I../Drivers/CMSIS/Device/ST/STM32F4xx/Include -I../Drivers/CMSIS/Include -I"D:/Mastering RTOS Hands on FreeRTOS/RTOS_Workspacee/common/ThirdParty/FreeRTOS/include" -I"D:/Mastering RTOS Hands on FreeRTOS/RTOS_Workspacee/common/ThirdParty/FreeRTOS/portable/GCC/ARM_CM4F" -I"D:/Mastering RTOS Hands on FreeRTOS/RTOS_Workspacee/common/ThirdParty/SEGGER/Config" -I"D:/Mastering RTOS Hands on FreeRTOS/RTOS_Workspacee/common/ThirdParty/SEGGER/OS" -I"D:/Mastering RTOS Hands on FreeRTOS/RTOS_Workspacee/common/ThirdParty/SEGGER/SEGGER" -O0 -ffunction-sections -fdata-sections -Wall -fstack-usage -fcyclomatic-complexity -MMD -MP -MF"common/ThirdParty/FreeRTOS/timers.d" -MT"common/ThirdParty/FreeRTOS/timers.o" --specs=nano.specs -mfpu=fpv4-sp-d16 -mfloat-abi=hard -mthumb -o "common/ThirdParty/FreeRTOS/timers.o"
arm-none-eabi-gcc "../Drivers/STM32F4xx_HAL_Driver/Src/stm32f4xx_hal.c" -mcpu=cortex-m4 -std=gnu11 -g3 -DDEBUG -DUSE_HAL_DRIVER -DSTM32F401xE -c -I../Core/Inc -I../Drivers/STM32F4xx_HAL_Driver/Inc -I../Drivers/STM32F4xx_HAL_Driver/Inc/Legacy -I../Drivers/CMSIS/Device/ST/STM32F4xx/Include -I../Drivers/CMSIS/Include -I"D:/Mastering RTOS Hands on FreeRTOS/RTOS_Workspacee/common/ThirdParty/FreeRTOS/include" -I"D:/Mastering RTOS Hands on FreeRTOS/RTOS_Workspacee/common/ThirdParty/FreeRTOS/portable/GCC/ARM_CM4F" -I"D:/Mastering RTOS Hands on FreeRTOS/RTOS_Workspacee/common/ThirdParty/SEGGER/Config" -I"D:/Mastering RTOS Hands on FreeRTOS/RTOS_Workspacee/common/ThirdParty/SEGGER/OS" -I"D:/Mastering RTOS Hands on FreeRTOS/RTOS_Workspacee/common/ThirdParty/SEGGER/SEGGER" -O0 -ffunction-sections -fdata-sections -Wall -fstack-usage -fcyclomatic-complexity -MMD -MP -MF"Drivers/STM32F4xx_HAL_Driver/Src/stm32f4xx_hal.d" -MT"Drivers/STM32F4xx_HAL_Driver/Src/stm32f4xx_hal.o" --specs=nano.specs -mfpu=fpv4-sp-d16 -mfloat-abi=hard -mthumb -o "Drivers/STM32F4xx_HAL_Driver/Src/stm32f4xx_hal.o"
arm-none-eabi-gcc "../Drivers/STM32F4xx_HAL_Driver/Src/stm32f4xx_hal_cortex.c" -mcpu=cortex-m4 -std=gnu11 -g3 -DDEBUG -DUSE_HAL_DRIVER -DSTM32F401xE -c -I../Core/Inc -I../Drivers/STM32F4xx_HAL_Driver/Inc -I../Drivers/STM32F4xx_HAL_Driver/Inc/Legacy -I../Drivers/CMSIS/Device/ST/STM32F4xx/Include -I../Drivers/CMSIS/Include -I"D:/Mastering RTOS Hands on FreeRTOS/RTOS_Workspacee/common/ThirdParty/FreeRTOS/include" -I"D:/Mastering RTOS Hands on FreeRTOS/RTOS_Workspacee/common/ThirdParty/FreeRTOS/portable/GCC/ARM_CM4F" -I"D:/Mastering RTOS Hands on FreeRTOS/RTOS_Workspacee/common/ThirdParty/SEGGER/Config" -I"D:/Mastering RTOS Hands on FreeRTOS/RTOS_Workspacee/common/ThirdParty/SEGGER/OS" -I"D:/Mastering RTOS Hands on FreeRTOS/RTOS_Workspacee/common/ThirdParty/SEGGER/SEGGER" -O0 -ffunction-sections -fdata-sections -Wall -fstack-usage -fcyclomatic-complexity -MMD -MP -MF"Drivers/STM32F4xx_HAL_Driver/Src/stm32f4xx_hal_cortex.d" -MT"Drivers/STM32F4xx_HAL_Driver/Src/stm32f4xx_hal_cortex.o" --specs=nano.specs -mfpu=fpv4-sp-d16 -mfloat-abi=hard -mthumb -o "Drivers/STM32F4xx_HAL_Driver/Src/stm32f4xx_hal_cortex.o"
arm-none-eabi-gcc "../Drivers/STM32F4xx_HAL_Driver/Src/stm32f4xx_hal_dma.c" -mcpu=cortex-m4 -std=gnu11 -g3 -DDEBUG -DUSE_HAL_DRIVER -DSTM32F401xE -c -I../Core/Inc -I../Drivers/STM32F4xx_HAL_Driver/Inc -I../Drivers/STM32F4xx_HAL_Driver/Inc/Legacy -I../Drivers/CMSIS/Device/ST/STM32F4xx/Include -I../Drivers/CMSIS/Include -I"D:/Mastering RTOS Hands on FreeRTOS/RTOS_Workspacee/common/ThirdParty/FreeRTOS/include" -I"D:/Mastering RTOS Hands on FreeRTOS/RTOS_Workspacee/common/ThirdParty/FreeRTOS/portable/GCC/ARM_CM4F" -I"D:/Mastering RTOS Hands on FreeRTOS/RTOS_Workspacee/common/ThirdParty/SEGGER/Config" -I"D:/Mastering RTOS Hands on FreeRTOS/RTOS_Workspacee/common/ThirdParty/SEGGER/OS" -I"D:/Mastering RTOS Hands on FreeRTOS/RTOS_Workspacee/common/ThirdParty/SEGGER/SEGGER" -O0 -ffunction-sections -fdata-sections -Wall -fstack-usage -fcyclomatic-complexity -MMD -MP -MF"Drivers/STM32F4xx_HAL_Driver/Src/stm32f4xx_hal_dma.d" -MT"Drivers/STM32F4xx_HAL_Driver/Src/stm32f4xx_hal_dma.o" --specs=nano.specs -mfpu=fpv4-sp-d16 -mfloat-abi=hard -mthumb -o "Drivers/STM32F4xx_HAL_Driver/Src/stm32f4xx_hal_dma.o"
arm-none-eabi-gcc "../Drivers/STM32F4xx_HAL_Driver/Src/stm32f4xx_hal_dma_ex.c" -mcpu=cortex-m4 -std=gnu11 -g3 -DDEBUG -DUSE_HAL_DRIVER -DSTM32F401xE -c -I../Core/Inc -I../Drivers/STM32F4xx_HAL_Driver/Inc -I../Drivers/STM32F4xx_HAL_Driver/Inc/Legacy -I../Drivers/CMSIS/Device/ST/STM32F4xx/Include -I../Drivers/CMSIS/Include -I"D:/Mastering RTOS Hands on FreeRTOS/RTOS_Workspacee/common/ThirdParty/FreeRTOS/include" -I"D:/Mastering RTOS Hands on FreeRTOS/RTOS_Workspacee/common/ThirdParty/FreeRTOS/portable/GCC/ARM_CM4F" -I"D:/Mastering RTOS Hands on FreeRTOS/RTOS_Workspacee/common/ThirdParty/SEGGER/Config" -I"D:/Mastering RTOS Hands on FreeRTOS/RTOS_Workspacee/common/ThirdParty/SEGGER/OS" -I"D:/Mastering RTOS Hands on FreeRTOS/RTOS_Workspacee/common/ThirdParty/SEGGER/SEGGER" -O0 -ffunction-sections -fdata-sections -Wall -fstack-usage -fcyclomatic-complexity -MMD -MP -MF"Drivers/STM32F4xx_HAL_Driver/Src/stm32f4xx_hal_dma_ex.d" -MT"Drivers/STM32F4xx_HAL_Driver/Src/stm32f4xx_hal_dma_ex.o" --specs=nano.specs -mfpu=fpv4-sp-d16 -mfloat-abi=hard -mthumb -o "Drivers/STM32F4xx_HAL_Driver/Src/stm32f4xx_hal_dma_ex.o"
arm-none-eabi-gcc "../Drivers/STM32F4xx_HAL_Driver/Src/stm32f4xx_hal_exti.c" -mcpu=cortex-m4 -std=gnu11 -g3 -DDEBUG -DUSE_HAL_DRIVER -DSTM32F401xE -c -I../Core/Inc -I../Drivers/STM32F4xx_HAL_Driver/Inc -I../Drivers/STM32F4xx_HAL_Driver/Inc/Legacy -I../Drivers/CMSIS/Device/ST/STM32F4xx/Include -I../Drivers/CMSIS/Include -I"D:/Mastering RTOS Hands on FreeRTOS/RTOS_Workspacee/common/ThirdParty/FreeRTOS/include" -I"D:/Mastering RTOS Hands on FreeRTOS/RTOS_Workspacee/common/ThirdParty/FreeRTOS/portable/GCC/ARM_CM4F" -I"D:/Mastering RTOS Hands on FreeRTOS/RTOS_Workspacee/common/ThirdParty/SEGGER/Config" -I"D:/Mastering RTOS Hands on FreeRTOS/RTOS_Workspacee/common/ThirdParty/SEGGER/OS" -I"D:/Mastering RTOS Hands on FreeRTOS/RTOS_Workspacee/common/ThirdParty/SEGGER/SEGGER" -O0 -ffunction-sections -fdata-sections -Wall -fstack-usage -fcyclomatic-complexity -MMD -MP -MF"Drivers/STM32F4xx_HAL_Driver/Src/stm32f4xx_hal_exti.d" -MT"Drivers/STM32F4xx_HAL_Driver/Src/stm32f4xx_hal_exti.o" --specs=nano.specs -mfpu=fpv4-sp-d16 -mfloat-abi=hard -mthumb -o "Drivers/STM32F4xx_HAL_Driver/Src/stm32f4xx_hal_exti.o"
arm-none-eabi-gcc "../Drivers/STM32F4xx_HAL_Driver/Src/stm32f4xx_hal_flash.c" -mcpu=cortex-m4 -std=gnu11 -g3 -DDEBUG -DUSE_HAL_DRIVER -DSTM32F401xE -c -I../Core/Inc -I../Drivers/STM32F4xx_HAL_Driver/Inc -I../Drivers/STM32F4xx_HAL_Driver/Inc/Legacy -I../Drivers/CMSIS/Device/ST/STM32F4xx/Include -I../Drivers/CMSIS/Include -I"D:/Mastering RTOS Hands on FreeRTOS/RTOS_Workspacee/common/ThirdParty/FreeRTOS/include" -I"D:/Mastering RTOS Hands on FreeRTOS/RTOS_Workspacee/common/ThirdParty/FreeRTOS/portable/GCC/ARM_CM4F" -I"D:/Mastering RTOS Hands on FreeRTOS/RTOS_Workspacee/common/ThirdParty/SEGGER/Config" -I"D:/Mastering RTOS Hands on FreeRTOS/RTOS_Workspacee/common/ThirdParty/SEGGER/OS" -I"D:/Mastering RTOS Hands on FreeRTOS/RTOS_Workspacee/common/ThirdParty/SEGGER/SEGGER" -O0 -ffunction-sections -fdata-sections -Wall -fstack-usage -fcyclomatic-complexity -MMD -MP -MF"Drivers/STM32F4xx_HAL_Driver/Src/stm32f4xx_hal_flash.d" -MT"Drivers/STM32F4xx_HAL_Driver/Src/stm32f4xx_hal_flash.o" --specs=nano.specs -mfpu=fpv4-sp-d16 -mfloat-abi=hard -mthumb -o "Drivers/STM32F4xx_HAL_Driver/Src/stm32f4xx_hal_flash.o"
arm-none-eabi-gcc "../Drivers/STM32F4xx_HAL_Driver/Src/stm32f4xx_hal_flash_ex.c" -mcpu=cortex-m4 -std=gnu11 -g3 -DDEBUG -DUSE_HAL_DRIVER -DSTM32F401xE -c -I../Core/Inc -I../Drivers/STM32F4xx_HAL_Driver/Inc -I../Drivers/STM32F4xx_HAL_Driver/Inc/Legacy -I../Drivers/CMSIS/Device/ST/STM32F4xx/Include -I../Drivers/CMSIS/Include -I"D:/Mastering RTOS Hands on FreeRTOS/RTOS_Workspacee/common/ThirdParty/FreeRTOS/include" -I"D:/Mastering RTOS Hands on FreeRTOS/RTOS_Workspacee/common/ThirdParty/FreeRTOS/portable/GCC/ARM_CM4F" -I"D:/Mastering RTOS Hands on FreeRTOS/RTOS_Workspacee/common/ThirdParty/SEGGER/Config" -I"D:/Mastering RTOS Hands on FreeRTOS/RTOS_Workspacee/common/ThirdParty/SEGGER/OS" -I"D:/Mastering RTOS Hands on FreeRTOS/RTOS_Workspacee/common/ThirdParty/SEGGER/SEGGER" -O0 -ffunction-sections -fdata-sections -Wall -fstack-usage -fcyclomatic-complexity -MMD -MP -MF"Drivers/STM32F4xx_HAL_Driver/Src/stm32f4xx_hal_flash_ex.d" -MT"Drivers/STM32F4xx_HAL_Driver/Src/stm32f4xx_hal_flash_ex.o" --specs=nano.specs -mfpu=fpv4-sp-d16 -mfloat-abi=hard -mthumb -o "Drivers/STM32F4xx_HAL_Driver/Src/stm32f4xx_hal_flash_ex.o"
arm-none-eabi-gcc "../Drivers/STM32F4xx_HAL_Driver/Src/stm32f4xx_hal_flash_ramfunc.c" -mcpu=cortex-m4 -std=gnu11 -g3 -DDEBUG -DUSE_HAL_DRIVER -DSTM32F401xE -c -I../Core/Inc -I../Drivers/STM32F4xx_HAL_Driver/Inc -I../Drivers/STM32F4xx_HAL_Driver/Inc/Legacy -I../Drivers/CMSIS/Device/ST/STM32F4xx/Include -I../Drivers/CMSIS/Include -I"D:/Mastering RTOS Hands on FreeRTOS/RTOS_Workspacee/common/ThirdParty/FreeRTOS/include" -I"D:/Mastering RTOS Hands on FreeRTOS/RTOS_Workspacee/common/ThirdParty/FreeRTOS/portable/GCC/ARM_CM4F" -I"D:/Mastering RTOS Hands on FreeRTOS/RTOS_Workspacee/common/ThirdParty/SEGGER/Config" -I"D:/Mastering RTOS Hands on FreeRTOS/RTOS_Workspacee/common/ThirdParty/SEGGER/OS" -I"D:/Mastering RTOS Hands on FreeRTOS/RTOS_Workspacee/common/ThirdParty/SEGGER/SEGGER" -O0 -ffunction-sections -fdata-sections -Wall -fstack-usage -fcyclomatic-complexity -MMD -MP -MF"Drivers/STM32F4xx_HAL_Driver/Src/stm32f4xx_hal_flash_ramfunc.d" -MT"Drivers/STM32F4xx_HAL_Driver/Src/stm32f4xx_hal_flash_ramfunc.o" --specs=nano.specs -mfpu=fpv4-sp-d16 -mfloat-abi=hard -mthumb -o "Drivers/STM32F4xx_HAL_Driver/Src/stm32f4xx_hal_flash_ramfunc.o"
arm-none-eabi-gcc "../Drivers/STM32F4xx_HAL_Driver/Src/stm32f4xx_hal_gpio.c" -mcpu=cortex-m4 -std=gnu11 -g3 -DDEBUG -DUSE_HAL_DRIVER -DSTM32F401xE -c -I../Core/Inc -I../Drivers/STM32F4xx_HAL_Driver/Inc -I../Drivers/STM32F4xx_HAL_Driver/Inc/Legacy -I../Drivers/CMSIS/Device/ST/STM32F4xx/Include -I../Drivers/CMSIS/Include -I"D:/Mastering RTOS Hands on FreeRTOS/RTOS_Workspacee/common/ThirdParty/FreeRTOS/include" -I"D:/Mastering RTOS Hands on FreeRTOS/RTOS_Workspacee/common/ThirdParty/FreeRTOS/portable/GCC/ARM_CM4F" -I"D:/Mastering RTOS Hands on FreeRTOS/RTOS_Workspacee/common/ThirdParty/SEGGER/Config" -I"D:/Mastering RTOS Hands on FreeRTOS/RTOS_Workspacee/common/ThirdParty/SEGGER/OS" -I"D:/Mastering RTOS Hands on FreeRTOS/RTOS_Workspacee/common/ThirdParty/SEGGER/SEGGER" -O0 -ffunction-sections -fdata-sections -Wall -fstack-usage -fcyclomatic-complexity -MMD -MP -MF"Drivers/STM32F4xx_HAL_Driver/Src/stm32f4xx_hal_gpio.d" -MT"Drivers/STM32F4xx_HAL_Driver/Src/stm32f4xx_hal_gpio.o" --specs=nano.specs -mfpu=fpv4-sp-d16 -mfloat-abi=hard -mthumb -o "Drivers/STM32F4xx_HAL_Driver/Src/stm32f4xx_hal_gpio.o"
arm-none-eabi-gcc "../Drivers/STM32F4xx_HAL_Driver/Src/stm32f4xx_hal_pwr.c" -mcpu=cortex-m4 -std=gnu11 -g3 -DDEBUG -DUSE_HAL_DRIVER -DSTM32F401xE -c -I../Core/Inc -I../Drivers/STM32F4xx_HAL_Driver/Inc -I../Drivers/STM32F4xx_HAL_Driver/Inc/Legacy -I../Drivers/CMSIS/Device/ST/STM32F4xx/Include -I../Drivers/CMSIS/Include -I"D:/Mastering RTOS Hands on FreeRTOS/RTOS_Workspacee/common/ThirdParty/FreeRTOS/include" -I"D:/Mastering RTOS Hands on FreeRTOS/RTOS_Workspacee/common/ThirdParty/FreeRTOS/portable/GCC/ARM_CM4F" -I"D:/Mastering RTOS Hands on FreeRTOS/RTOS_Workspacee/common/ThirdParty/SEGGER/Config" -I"D:/Mastering RTOS Hands on FreeRTOS/RTOS_Workspacee/common/ThirdParty/SEGGER/OS" -I"D:/Mastering RTOS Hands on FreeRTOS/RTOS_Workspacee/common/ThirdParty/SEGGER/SEGGER" -O0 -ffunction-sections -fdata-sections -Wall -fstack-usage -fcyclomatic-complexity -MMD -MP -MF"Drivers/STM32F4xx_HAL_Driver/Src/stm32f4xx_hal_pwr.d" -MT"Drivers/STM32F4xx_HAL_Driver/Src/stm32f4xx_hal_pwr.o" --specs=nano.specs -mfpu=fpv4-sp-d16 -mfloat-abi=hard -mthumb -o "Drivers/STM32F4xx_HAL_Driver/Src/stm32f4xx_hal_pwr.o"
arm-none-eabi-gcc "../Drivers/STM32F4xx_HAL_Driver/Src/stm32f4xx_hal_pwr_ex.c" -mcpu=cortex-m4 -std=gnu11 -g3 -DDEBUG -DUSE_HAL_DRIVER -DSTM32F401xE -c -I../Core/Inc -I../Drivers/STM32F4xx_HAL_Driver/Inc -I../Drivers/STM32F4xx_HAL_Driver/Inc/Legacy -I../Drivers/CMSIS/Device/ST/STM32F4xx/Include -I../Drivers/CMSIS/Include -I"D:/Mastering RTOS Hands on FreeRTOS/RTOS_Workspacee/common/ThirdParty/FreeRTOS/include" -I"D:/Mastering RTOS Hands on FreeRTOS/RTOS_Workspacee/common/ThirdParty/FreeRTOS/portable/GCC/ARM_CM4F" -I"D:/Mastering RTOS Hands on FreeRTOS/RTOS_Workspacee/common/ThirdParty/SEGGER/Config" -I"D:/Mastering RTOS Hands on FreeRTOS/RTOS_Workspacee/common/ThirdParty/SEGGER/OS" -I"D:/Mastering RTOS Hands on FreeRTOS/RTOS_Workspacee/common/ThirdParty/SEGGER/SEGGER" -O0 -ffunction-sections -fdata-sections -Wall -fstack-usage -fcyclomatic-complexity -MMD -MP -MF"Drivers/STM32F4xx_HAL_Driver/Src/stm32f4xx_hal_pwr_ex.d" -MT"Drivers/STM32F4xx_HAL_Driver/Src/stm32f4xx_hal_pwr_ex.o" --specs=nano.specs -mfpu=fpv4-sp-d16 -mfloat-abi=hard -mthumb -o "Drivers/STM32F4xx_HAL_Driver/Src/stm32f4xx_hal_pwr_ex.o"
arm-none-eabi-gcc "../Drivers/STM32F4xx_HAL_Driver/Src/stm32f4xx_hal_rcc.c" -mcpu=cortex-m4 -std=gnu11 -g3 -DDEBUG -DUSE_HAL_DRIVER -DSTM32F401xE -c -I../Core/Inc -I../Drivers/STM32F4xx_HAL_Driver/Inc -I../Drivers/STM32F4xx_HAL_Driver/Inc/Legacy -I../Drivers/CMSIS/Device/ST/STM32F4xx/Include -I../Drivers/CMSIS/Include -I"D:/Mastering RTOS Hands on FreeRTOS/RTOS_Workspacee/common/ThirdParty/FreeRTOS/include" -I"D:/Mastering RTOS Hands on FreeRTOS/RTOS_Workspacee/common/ThirdParty/FreeRTOS/portable/GCC/ARM_CM4F" -I"D:/Mastering RTOS Hands on FreeRTOS/RTOS_Workspacee/common/ThirdParty/SEGGER/Config" -I"D:/Mastering RTOS Hands on FreeRTOS/RTOS_Workspacee/common/ThirdParty/SEGGER/OS" -I"D:/Mastering RTOS Hands on FreeRTOS/RTOS_Workspacee/common/ThirdParty/SEGGER/SEGGER" -O0 -ffunction-sections -fdata-sections -Wall -fstack-usage -fcyclomatic-complexity -MMD -MP -MF"Drivers/STM32F4xx_HAL_Driver/Src/stm32f4xx_hal_rcc.d" -MT"Drivers/STM32F4xx_HAL_Driver/Src/stm32f4xx_hal_rcc.o" --specs=nano.specs -mfpu=fpv4-sp-d16 -mfloat-abi=hard -mthumb -o "Drivers/STM32F4xx_HAL_Driver/Src/stm32f4xx_hal_rcc.o"
arm-none-eabi-gcc "../Drivers/STM32F4xx_HAL_Driver/Src/stm32f4xx_hal_rcc_ex.c" -mcpu=cortex-m4 -std=gnu11 -g3 -DDEBUG -DUSE_HAL_DRIVER -DSTM32F401xE -c -I../Core/Inc -I../Drivers/STM32F4xx_HAL_Driver/Inc -I../Drivers/STM32F4xx_HAL_Driver/Inc/Legacy -I../Drivers/CMSIS/Device/ST/STM32F4xx/Include -I../Drivers/CMSIS/Include -I"D:/Mastering RTOS Hands on FreeRTOS/RTOS_Workspacee/common/ThirdParty/FreeRTOS/include" -I"D:/Mastering RTOS Hands on FreeRTOS/RTOS_Workspacee/common/ThirdParty/FreeRTOS/portable/GCC/ARM_CM4F" -I"D:/Mastering RTOS Hands on FreeRTOS/RTOS_Workspacee/common/ThirdParty/SEGGER/Config" -I"D:/Mastering RTOS Hands on FreeRTOS/RTOS_Workspacee/common/ThirdParty/SEGGER/OS" -I"D:/Mastering RTOS Hands on FreeRTOS/RTOS_Workspacee/common/ThirdParty/SEGGER/SEGGER" -O0 -ffunction-sections -fdata-sections -Wall -fstack-usage -fcyclomatic-complexity -MMD -MP -MF"Drivers/STM32F4xx_HAL_Driver/Src/stm32f4xx_hal_rcc_ex.d" -MT"Drivers/STM32F4xx_HAL_Driver/Src/stm32f4xx_hal_rcc_ex.o" --specs=nano.specs -mfpu=fpv4-sp-d16 -mfloat-abi=hard -mthumb -o "Drivers/STM32F4xx_HAL_Driver/Src/stm32f4xx_hal_rcc_ex.o"
arm-none-eabi-gcc -mcpu=cortex-m4 -g3 -DDEBUG -c -I"D:/Mastering RTOS Hands on FreeRTOS/RTOS_Workspacee/common/ThirdParty/SEGGER/Config" -I"D:/Mastering RTOS Hands on FreeRTOS/RTOS_Workspacee/common/ThirdParty/SEGGER" -x assembler-with-cpp -MMD -MP -MF"Core/Startup/startup_stm32f401retx.d" -MT"Core/Startup/startup_stm32f401retx.o" --specs=nano.specs -mfpu=fpv4-sp-d16 -mfloat-abi=hard -mthumb -o "Core/Startup/startup_stm32f401retx.o" "../Core/Startup/startup_stm32f401retx.s"
arm-none-eabi-gcc "../Core/Src/main.c" -mcpu=cortex-m4 -std=gnu11 -g3 -DDEBUG -DUSE_HAL_DRIVER -DSTM32F401xE -c -I../Core/Inc -I../Drivers/STM32F4xx_HAL_Driver/Inc -I../Drivers/STM32F4xx_HAL_Driver/Inc/Legacy -I../Drivers/CMSIS/Device/ST/STM32F4xx/Include -I../Drivers/CMSIS/Include -I"D:/Mastering RTOS Hands on FreeRTOS/RTOS_Workspacee/common/ThirdParty/FreeRTOS/include" -I"D:/Mastering RTOS Hands on FreeRTOS/RTOS_Workspacee/common/ThirdParty/FreeRTOS/portable/GCC/ARM_CM4F" -I"D:/Mastering RTOS Hands on FreeRTOS/RTOS_Workspacee/common/ThirdParty/SEGGER/Config" -I"D:/Mastering RTOS Hands on FreeRTOS/RTOS_Workspacee/common/ThirdParty/SEGGER/OS" -I"D:/Mastering RTOS Hands on FreeRTOS/RTOS_Workspacee/common/ThirdParty/SEGGER/SEGGER" -O0 -ffunction-sections -fdata-sections -Wall -fstack-usage -fcyclomatic-complexity -MMD -MP -MF"Core/Src/main.d" -MT"Core/Src/main.o" --specs=nano.specs -mfpu=fpv4-sp-d16 -mfloat-abi=hard -mthumb -o "Core/Src/main.o"
arm-none-eabi-gcc "../Core/Src/stm32f4xx_hal_msp.c" -mcpu=cortex-m4 -std=gnu11 -g3 -DDEBUG -DUSE_HAL_DRIVER -DSTM32F401xE -c -I../Core/Inc -I../Drivers/STM32F4xx_HAL_Driver/Inc -I../Drivers/STM32F4xx_HAL_Driver/Inc/Legacy -I../Drivers/CMSIS/Device/ST/STM32F4xx/Include -I../Drivers/CMSIS/Include -I"D:/Mastering RTOS Hands on FreeRTOS/RTOS_Workspacee/common/ThirdParty/FreeRTOS/include" -I"D:/Mastering RTOS Hands on FreeRTOS/RTOS_Workspacee/common/ThirdParty/FreeRTOS/portable/GCC/ARM_CM4F" -I"D:/Mastering RTOS Hands on FreeRTOS/RTOS_Workspacee/common/ThirdParty/SEGGER/Config" -I"D:/Mastering RTOS Hands on FreeRTOS/RTOS_Workspacee/common/ThirdParty/SEGGER/OS" -I"D:/Mastering RTOS Hands on FreeRTOS/RTOS_Workspacee/common/ThirdParty/SEGGER/SEGGER" -O0 -ffunction-sections -fdata-sections -Wall -fstack-usage -fcyclomatic-complexity -MMD -MP -MF"Core/Src/stm32f4xx_hal_msp.d" -MT"Core/Src/stm32f4xx_hal_msp.o" --specs=nano.specs -mfpu=fpv4-sp-d16 -mfloat-abi=hard -mthumb -o "Core/Src/stm32f4xx_hal_msp.o"
arm-none-eabi-gcc "../Core/Src/stm32f4xx_it.c" -mcpu=cortex-m4 -std=gnu11 -g3 -DDEBUG -DUSE_HAL_DRIVER -DSTM32F401xE -c -I../Core/Inc -I../Drivers/STM32F4xx_HAL_Driver/Inc -I../Drivers/STM32F4xx_HAL_Driver/Inc/Legacy -I../Drivers/CMSIS/Device/ST/STM32F4xx/Include -I../Drivers/CMSIS/Include -I"D:/Mastering RTOS Hands on FreeRTOS/RTOS_Workspacee/common/ThirdParty/FreeRTOS/include" -I"D:/Mastering RTOS Hands on FreeRTOS/RTOS_Workspacee/common/ThirdParty/FreeRTOS/portable/GCC/ARM_CM4F" -I"D:/Mastering RTOS Hands on FreeRTOS/RTOS_Workspacee/common/ThirdParty/SEGGER/Config" -I"D:/Mastering RTOS Hands on FreeRTOS/RTOS_Workspacee/common/ThirdParty/SEGGER/OS" -I"D:/Mastering RTOS Hands on FreeRTOS/RTOS_Workspacee/common/ThirdParty/SEGGER/SEGGER" -O0 -ffunction-sections -fdata-sections -Wall -fstack-usage -fcyclomatic-complexity -MMD -MP -MF"Core/Src/stm32f4xx_it.d" -MT"Core/Src/stm32f4xx_it.o" --specs=nano.specs -mfpu=fpv4-sp-d16 -mfloat-abi=hard -mthumb -o "Core/Src/stm32f4xx_it.o"
arm-none-eabi-gcc "../Core/Src/syscalls.c" -mcpu=cortex-m4 -std=gnu11 -g3 -DDEBUG -DUSE_HAL_DRIVER -DSTM32F401xE -c -I../Core/Inc -I../Drivers/STM32F4xx_HAL_Driver/Inc -I../Drivers/STM32F4xx_HAL_Driver/Inc/Legacy -I../Drivers/CMSIS/Device/ST/STM32F4xx/Include -I../Drivers/CMSIS/Include -I"D:/Mastering RTOS Hands on FreeRTOS/RTOS_Workspacee/common/ThirdParty/FreeRTOS/include" -I"D:/Mastering RTOS Hands on FreeRTOS/RTOS_Workspacee/common/ThirdParty/FreeRTOS/portable/GCC/ARM_CM4F" -I"D:/Mastering RTOS Hands on FreeRTOS/RTOS_Workspacee/common/ThirdParty/SEGGER/Config" -I"D:/Mastering RTOS Hands on FreeRTOS/RTOS_Workspacee/common/ThirdParty/SEGGER/OS" -I"D:/Mastering RTOS Hands on FreeRTOS/RTOS_Workspacee/common/ThirdParty/SEGGER/SEGGER" -O0 -ffunction-sections -fdata-sections -Wall -fstack-usage -fcyclomatic-complexity -MMD -MP -MF"Core/Src/syscalls.d" -MT"Core/Src/syscalls.o" --specs=nano.specs -mfpu=fpv4-sp-d16 -mfloat-abi=hard -mthumb -o "Core/Src/syscalls.o"
arm-none-eabi-gcc "../Core/Src/sysmem.c" -mcpu=cortex-m4 -std=gnu11 -g3 -DDEBUG -DUSE_HAL_DRIVER -DSTM32F401xE -c -I../Core/Inc -I../Drivers/STM32F4xx_HAL_Driver/Inc -I../Drivers/STM32F4xx_HAL_Driver/Inc/Legacy -I../Drivers/CMSIS/Device/ST/STM32F4xx/Include -I../Drivers/CMSIS/Include -I"D:/Mastering RTOS Hands on FreeRTOS/RTOS_Workspacee/common/ThirdParty/FreeRTOS/include" -I"D:/Mastering RTOS Hands on FreeRTOS/RTOS_Workspacee/common/ThirdParty/FreeRTOS/portable/GCC/ARM_CM4F" -I"D:/Mastering RTOS Hands on FreeRTOS/RTOS_Workspacee/common/ThirdParty/SEGGER/Config" -I"D:/Mastering RTOS Hands on FreeRTOS/RTOS_Workspacee/common/ThirdParty/SEGGER/OS" -I"D:/Mastering RTOS Hands on FreeRTOS/RTOS_Workspacee/common/ThirdParty/SEGGER/SEGGER" -O0 -ffunction-sections -fdata-sections -Wall -fstack-usage -fcyclomatic-complexity -MMD -MP -MF"Core/Src/sysmem.d" -MT"Core/Src/sysmem.o" --specs=nano.specs -mfpu=fpv4-sp-d16 -mfloat-abi=hard -mthumb -o "Core/Src/sysmem.o"
arm-none-eabi-gcc "../Core/Src/system_stm32f4xx.c" -mcpu=cortex-m4 -std=gnu11 -g3 -DDEBUG -DUSE_HAL_DRIVER -DSTM32F401xE -c -I../Core/Inc -I../Drivers/STM32F4xx_HAL_Driver/Inc -I../Drivers/STM32F4xx_HAL_Driver/Inc/Legacy -I../Drivers/CMSIS/Device/ST/STM32F4xx/Include -I../Drivers/CMSIS/Include -I"D:/Mastering RTOS Hands on FreeRTOS/RTOS_Workspacee/common/ThirdParty/FreeRTOS/include" -I"D:/Mastering RTOS Hands on FreeRTOS/RTOS_Workspacee/common/ThirdParty/FreeRTOS/portable/GCC/ARM_CM4F" -I"D:/Mastering RTOS Hands on FreeRTOS/RTOS_Workspacee/common/ThirdParty/SEGGER/Config" -I"D:/Mastering RTOS Hands on FreeRTOS/RTOS_Workspacee/common/ThirdParty/SEGGER/OS" -I"D:/Mastering RTOS Hands on FreeRTOS/RTOS_Workspacee/common/ThirdParty/SEGGER/SEGGER" -O0 -ffunction-sections -fdata-sections -Wall -fstack-usage -fcyclomatic-complexity -MMD -MP -MF"Core/Src/system_stm32f4xx.d" -MT"Core/Src/system_stm32f4xx.o" --specs=nano.specs -mfpu=fpv4-sp-d16 -mfloat-abi=hard -mthumb -o "Core/Src/system_stm32f4xx.o"
arm-none-eabi-gcc -o "003_LED_Block_Tasks.elf" @"objects.list"   -mcpu=cortex-m4 -T"D:\Mastering RTOS Hands on FreeRTOS\RTOS_Workspacee\003_LED_Block_Tasks\STM32F401RETX_FLASH.ld" --specs=nosys.specs -Wl,-Map="003_LED_Block_Tasks.map" -Wl,--gc-sections -static --specs=nano.specs -mfpu=fpv4-sp-d16 -mfloat-abi=hard -mthumb -Wl,--start-group -lc -lm -Wl,--end-group
Finished building target: 003_LED_Block_Tasks.elf
 
arm-none-eabi-size  003_LED_Block_Tasks.elf 
arm-none-eabi-objdump -h -S 003_LED_Block_Tasks.elf  > "003_LED_Block_Tasks.list"
   text	   data	    bss	    dec	    hex	filename
  23728	     28	  84428	 108184	  1a698	003_LED_Block_Tasks.elf
Finished building: default.size.stdout
 
Finished building: 003_LED_Block_Tasks.list
 

01:47:30 Build Finished. 0 errors, 0 warnings. (took 2s.544ms)

